\BOOKMARK [0][-]{chapter.1}{\376\377\000I\000n\000t\000r\000o\000d\000u\000\347\000\343\000o}{}% 1
\BOOKMARK [0][-]{chapter.2}{\376\377\000P\000o\000n\000t\000o\000s\000\040\000F\000l\000u\000t\000u\000a\000n\000t\000e\000s}{}% 2
\BOOKMARK [1][-]{section.2.1}{\376\377\000S\000i\000s\000t\000e\000m\000a\000s\000\040\000d\000e\000\040\000N\000u\000m\000e\000r\000a\000\347\000\343\000o}{chapter.2}% 3
\BOOKMARK [1][-]{section.2.2}{\376\377\000A\000r\000i\000t\000m\000\351\000t\000i\000c\000a\000\040\000d\000e\000\040\000P\000o\000n\000t\000o\000\040\000F\000l\000u\000t\000u\000a\000n\000t\000e}{chapter.2}% 4
\BOOKMARK [2][-]{subsection.2.2.1}{\376\377\000R\000e\000p\000r\000e\000s\000e\000n\000t\000a\000\347\000\343\000o\000\040\000d\000e\000\040\000N\000\372\000m\000e\000r\000o\000s\000\040\000R\000e\000a\000i\000s\000\040\000e\000m\000\040\000S\000i\000s\000t\000e\000m\000a\000s\000\040\000d\000e\000\040\000P\000o\000n\000t\000o\000\040\000F\000l\000u\000t\000u\000a\000n\000t\000e}{section.2.2}% 5
\BOOKMARK [2][-]{subsection.2.2.2}{\376\377\000R\000e\000p\000r\000e\000s\000e\000n\000t\000a\000\347\000\343\000o\000\040\000d\000e\000\040\000P\000o\000n\000t\000o\000s\000\040\000F\000l\000u\000t\000u\000a\000n\000t\000e\000s\000\040\000e\000m\000\040\000C\000o\000m\000p\000u\000t\000a\000d\000o\000r\000e\000s\000\040\000\050\000P\000a\000d\000r\000\343\000o\000\040\000I\000E\000E\000E\000\040\0007\0005\0004\000\051}{section.2.2}% 6
\BOOKMARK [1][-]{section.2.3}{\376\377\000E\000r\000r\000o\000s\000\040\000e\000\040\000L\000i\000m\000i\000t\000a\000\347\000\365\000e\000s}{chapter.2}% 7
\BOOKMARK [2][-]{subsection.2.3.1}{\376\377\000E\000r\000r\000o\000\040\000A\000b\000s\000o\000l\000u\000t\000o\000\040\000e\000\040\000R\000e\000l\000a\000t\000i\000v\000o}{section.2.3}% 8
\BOOKMARK [1][-]{section.2.4}{\376\377\000P\000e\000r\000d\000a\000\040\000d\000e\000\040\000S\000i\000g\000n\000i\000f\000i\000c\000\342\000n\000c\000i\000a\000\040\000e\000m\000\040\000O\000p\000e\000r\000a\000\347\000\365\000e\000s\000\040\000c\000o\000m\000\040\000P\000o\000n\000t\000o\000s\000\040\000F\000l\000u\000t\000u\000a\000n\000t\000e\000s}{chapter.2}% 9
\BOOKMARK [1][-]{section.2.5}{\376\377\000A\000n\000\341\000l\000i\000s\000e\000\040\000d\000e\000\040\000I\000n\000s\000t\000a\000b\000i\000l\000i\000d\000a\000d\000e\000s\000\040\000e\000\040\000C\000a\000s\000o\000s\000\040\000P\000e\000c\000u\000l\000i\000a\000r\000e\000s}{chapter.2}% 10
\BOOKMARK [2][-]{subsection.2.5.1}{\376\377\000U\000n\000i\000t\000s\000\040\000i\000n\000\040\000L\000a\000s\000t\000\040\000P\000l\000a\000c\000e\000\040\000\050\000U\000L\000P\000'\000s\000\051}{section.2.5}% 11
\BOOKMARK [2][-]{subsection.2.5.2}{\376\377\000I\000m\000p\000r\000e\000c\000i\000s\000\343\000o\000\040\000d\000e\000\040\000o\000p\000e\000r\000a\000\347\000\365\000e\000s\000\040\000e\000m\000\040\000S\000i\000s\000t\000e\000m\000a\000s\000\040\000d\000e\000\040\000P\000o\000n\000t\000o\000\040\000f\000l\000u\000t\000u\000a\000n\000t\000e}{section.2.5}% 12
\BOOKMARK [2][-]{subsection.2.5.3}{\376\377\000D\000i\000s\000c\000u\000s\000s\000\343\000o}{section.2.5}% 13
\BOOKMARK [0][-]{chapter.3}{\376\377\000M\000\351\000t\000o\000d\000o\000s\000\040\000I\000t\000e\000r\000a\000t\000i\000v\000o\000s\000\040\000p\000a\000r\000a\000\040\000Z\000e\000r\000o\000s\000\040\000d\000e\000\040\000F\000u\000n\000\347\000\343\000o}{}% 14
\BOOKMARK [1][-]{section.3.1}{\376\377\000L\000o\000c\000a\000l\000i\000z\000a\000\347\000\343\000o\000\040\000d\000e\000\040\000R\000a\000\355\000z\000e\000s}{chapter.3}% 15
\BOOKMARK [1][-]{section.3.2}{\376\377\000C\000r\000i\000t\000\351\000r\000i\000o\000\040\000d\000e\000\040\000P\000a\000r\000a\000d\000a}{chapter.3}% 16
\BOOKMARK [1][-]{section.3.3}{\376\377\000M\000\351\000t\000o\000d\000o\000\040\000d\000o\000\040\000P\000o\000n\000t\000o\000\040\000F\000i\000x\000o}{chapter.3}% 17
\BOOKMARK [2][-]{subsection.3.3.1}{\376\377\000O\000r\000d\000e\000m\000\040\000d\000e\000\040\000c\000o\000n\000v\000e\000r\000g\000\352\000n\000c\000i\000a}{section.3.3}% 18
\BOOKMARK [2][-]{subsection.3.3.2}{\376\377\000I\000m\000p\000l\000e\000m\000e\000n\000t\000a\000\347\000\365\000e\000s\000\040\000d\000o\000\040\000M\000\351\000t\000o\000d\000o\000\040\000d\000o\000\040\000P\000o\000n\000t\000o\000\040\000F\000i\000x\000o}{section.3.3}% 19
\BOOKMARK [1][-]{section.3.4}{\376\377\000M\000\351\000t\000o\000d\000o\000\040\000d\000e\000\040\000N\000e\000w\000t\000o\000n\000-\000R\000a\000p\000h\000s\000o\000n\000\040\000U\000n\000i\000d\000i\000m\000e\000n\000s\000i\000o\000n\000a\000l}{chapter.3}% 20
\BOOKMARK [2][-]{subsection.3.4.1}{\376\377\000S\000e\000q\000u\000\352\000n\000c\000i\000a\000\040\000I\000t\000e\000r\000a\000t\000i\000v\000a}{section.3.4}% 21
\BOOKMARK [2][-]{subsection.3.4.2}{\376\377\000I\000n\000t\000e\000r\000p\000r\000e\000t\000a\000\347\000\343\000o\000\040\000G\000e\000o\000m\000\351\000t\000r\000i\000c\000a}{section.3.4}% 22
\BOOKMARK [2][-]{subsection.3.4.3}{\376\377\000C\000o\000n\000v\000e\000r\000g\000\352\000n\000c\000i\000a}{section.3.4}% 23
\BOOKMARK [2][-]{subsection.3.4.4}{\376\377\000O\000r\000d\000e\000m\000\040\000d\000e\000\040\000C\000o\000n\000v\000e\000r\000g\000\352\000n\000c\000i\000a}{section.3.4}% 24
\BOOKMARK [2][-]{subsection.3.4.5}{\376\377\000I\000m\000p\000l\000e\000m\000e\000n\000t\000a\000\347\000\365\000e\000s\000\040\000d\000o\000\040\000M\000\351\000t\000o\000d\000o\000\040\000d\000e\000\040\000N\000e\000w\000t\000o\000n\000-\000R\000a\000p\000h\000s\000o\000n\000\040\000U\000n\000i\000d\000i\000m\000e\000n\000s\000i\000o\000n\000a\000l}{section.3.4}% 25
\BOOKMARK [2][-]{subsection.3.4.6}{\376\377\000C\000a\000s\000o\000s\000\040\000A\000t\000\355\000p\000i\000c\000o\000s}{section.3.4}% 26
\BOOKMARK [1][-]{section.3.5}{\376\377\000M\000\351\000t\000o\000d\000o\000\040\000d\000e\000\040\000N\000e\000w\000t\000o\000n\000-\000R\000a\000p\000h\000s\000o\000n\000\040\000N\000-\000d\000i\000m\000e\000n\000s\000i\000o\000n\000a\000l}{chapter.3}% 27
\BOOKMARK [2][-]{subsection.3.5.1}{\376\377\000D\000e\000f\000i\000n\000i\000\347\000\365\000e\000s}{section.3.5}% 28
\BOOKMARK [2][-]{subsection.3.5.2}{\376\377\000C\000a\000l\000c\000u\000l\000o\000\040\000d\000o\000\040\000J\000a\000c\000o\000b\000i\000a\000n\000o}{section.3.5}% 29
\BOOKMARK [2][-]{subsection.3.5.3}{\376\377\000N\000\372\000m\000e\000r\000o\000s\000\040\000C\000o\000m\000p\000l\000e\000x\000o\000s\000\040\000e\000\040\000P\000l\000a\000n\000o\000\040\000C\000o\000m\000p\000l\000e\000x\000o}{section.3.5}% 30
\BOOKMARK [2][-]{subsection.3.5.4}{\376\377\000F\000r\000a\000c\000t\000a\000i\000s\000\040\000d\000e\000\040\000N\000e\000w\000t\000o\000n}{section.3.5}% 31
\BOOKMARK [0][-]{chapter.4}{\376\377\000P\000r\000o\000b\000l\000e\000m\000a\000s\000\040\000d\000e\000\040\000V\000a\000l\000o\000r\000\040\000I\000n\000i\000c\000i\000a\000l\000\040\000p\000a\000r\000a\000\040\000E\000q\000u\000a\000\347\000\365\000e\000s\000\040\000D\000i\000f\000e\000r\000e\000n\000c\000i\000a\000i\000s\000\040\000O\000r\000d\000i\000n\000\341\000r\000i\000a\000s}{}% 32
\BOOKMARK [1][-]{section.4.1}{\376\377\000E\000q\000u\000a\000\347\000\365\000e\000s\000\040\000D\000i\000f\000e\000r\000e\000n\000c\000i\000a\000i\000s\000\040\000O\000r\000d\000i\000n\000\341\000r\000i\000a\000s}{chapter.4}% 33
\BOOKMARK [1][-]{section.4.2}{\376\377\000D\000e\000f\000i\000n\000i\000\347\000\343\000o\000\040\000d\000e\000\040\000P\000r\000o\000b\000l\000e\000m\000a\000\040\000d\000e\000\040\000V\000a\000l\000o\000r\000\040\000I\000n\000i\000c\000i\000a\000l}{chapter.4}% 34
\BOOKMARK [1][-]{section.4.3}{\376\377\000M\000\351\000t\000o\000d\000o\000s\000\040\000N\000u\000m\000\351\000r\000i\000c\000o\000s\000\040\000p\000a\000r\000a\000\040\000R\000e\000s\000o\000l\000v\000e\000r\000\040\000P\000V\000I\000s}{chapter.4}% 35
\BOOKMARK [2][-]{subsection.4.3.1}{\376\377\000T\000e\000o\000r\000e\000m\000a\000\040\000d\000e\000\040\000E\000x\000i\000s\000t\000\352\000n\000c\000i\000a\000\040\000e\000\040\000U\000n\000i\000c\000i\000d\000a\000d\000e}{section.4.3}% 36
\BOOKMARK [2][-]{subsection.4.3.2}{\376\377\000B\000o\000a\000\040\000C\000o\000l\000o\000c\000a\000\347\000\343\000o\000\040\000d\000o\000\040\000P\000V\000I}{section.4.3}% 37
\BOOKMARK [2][-]{subsection.4.3.3}{\376\377\000M\000\351\000t\000o\000d\000o\000\040\000d\000e\000\040\000E\000u\000l\000e\000r}{section.4.3}% 38
\BOOKMARK [0][-]{chapter.5}{\376\377\000C\000o\000m\000p\000a\000r\000a\000\347\000\343\000o\000\040\000e\000n\000t\000r\000e\000\040\000P\000a\000r\000a\000d\000i\000g\000m\000a\000s\000\040\000d\000e\000\040\000P\000r\000o\000g\000r\000a\000m\000a\000\347\000\343\000o}{}% 39
\BOOKMARK [1][-]{section.5.1}{\376\377\000C\000o\000m\000p\000a\000r\000a\000\347\000\343\000o\000\040\000E\000n\000t\000r\000e\000\040\000P\000a\000r\000a\000d\000i\000g\000m\000a\000s}{chapter.5}% 40
\BOOKMARK [0][-]{chapter*.77}{\376\377\000R\000e\000f\000e\000r\000\352\000n\000c\000i\000a\000s\000\040\000B\000i\000b\000l\000i\000o\000g\000r\000\341\000f\000i\000c\000a\000s}{}% 41
