This is pdfTeX, Version 3.141592653-2.6-1.40.28 (MiKTeX 25.12) (preloaded format=pdflatex 2026.1.22)  27 SEP 2026 14:06
entering extended mode
 restricted \write18 enabled.
 file:line:error style messages enabled.
 %&-line parsing enabled.
**"f:/Users/Enzo HD/Github/Repos/ACML/Numerical_Paradigms-Research/academic_writing/books/num_met_with_functional_programming/nummet_with_functional_programming.tex"
(f:/Users/Enzo HD/Github/Repos/ACML/Numerical_Paradigms-Research/academic_writing/books/num_met_with_functional_programming/nummet_with_functional_programming.tex
LaTeX2e <2025-11-01>
L3 programming layer <2025-12-24>
(libs/coppe.cls
Document Class: libs/coppe 2011/02/08\ v2.2\ COPPE Dissertations and Thesis
(C:\Users\maria\AppData\Local\Programs\MiKTeX\tex/latex/base\book.cls
Document Class: book 2025/01/22 v1.4n Standard LaTeX document class
(C:\Users\maria\AppData\Local\Programs\MiKTeX\tex/latex/base\bk12.clo
File: bk12.clo 2025/01/22 v1.4n Standard LaTeX file (size option)
)
\c@part=\count275
\c@chapter=\count276
\c@section=\count277
\c@subsection=\count278
\c@subsubsection=\count279
\c@paragraph=\count280
\c@subparagraph=\count281
\c@figure=\count282
\c@table=\count283
\abovecaptionskip=\skip49
\belowcaptionskip=\skip50
\bibindent=\dimen148
) (C:\Users\maria\AppData\Local\Programs\MiKTeX\tex/latex/natbib\natbib.sty
Package: natbib 2010/09/13 8.31b (PWD, AO)
\bibhang=\skip51
\bibsep=\skip52
LaTeX Info: Redefining \cite on input line 694.
\c@NAT@ctr=\count284
) (C:\Users\maria\AppData\Local\Programs\MiKTeX\tex/latex/hyphenat\hyphenat.sty
Package: hyphenat 2009/09/02 v2.3c hyphenation utilities
\langwohyphens=\language79
LaTeX Info: Redefining \_ on input line 43.
) (C:\Users\maria\AppData\Local\Programs\MiKTeX\tex/latex/lastpage\lastpage.sty
Package: lastpage 2025/08/14 v2.1h lastpage: 2.09 or 2e? (HMM)
 (C:\Users\maria\AppData\Local\Programs\MiKTeX\tex/latex/lastpage\lastpage2e.sty
Package: lastpage2e 2025/08/14 v2.1h Decide which 2e lastpage version to use (HMM)
 (C:\Users\maria\AppData\Local\Programs\MiKTeX\tex/latex/lastpage\lastpagemodern.sty
Package: lastpagemodern 2025-08-14 v2.1h Refers to last page's name (HMM; JPG)
\c@lastpagecount=\count285
) 
)) (C:\Users\maria\AppData\Local\Programs\MiKTeX\tex/generic/babel\babel.sty
Package: babel 2025/12/11 v25.17 The multilingual framework for LuaLaTeX, pdfLaTeX and XeLaTeX
\babel@savecnt=\count286
LaTeX Encoding Info:    Redeclaring text command \ij (encoding OT1) on input line 2068.
LaTeX Encoding Info:    Redeclaring text command \IJ (encoding OT1) on input line 2070.
LaTeX Encoding Info:    Redeclaring text command \ij (encoding T1) on input line 2072.
LaTeX Encoding Info:    Redeclaring text command \IJ (encoding T1) on input line 2073.
LaTeX Encoding Info:    Ignoring declaration for text command \ij (encoding ?) on input line 2074.
LaTeX Encoding Info:    Ignoring declaration for text command \IJ (encoding ?) on input line 2076.
LaTeX Encoding Info:    Ignoring declaration for text command \SS (encoding ?) on input line 2101.
\U@D=\dimen149
\l@unhyphenated=\language80
 (C:\Users\maria\AppData\Local\Programs\MiKTeX\tex/generic/babel\txtbabel.def)
\bbl@readstream=\read2
\bbl@dirlevel=\count287
Package babel Info: Configuration files are deprecated, as
(babel)             they can break document portability.
(babel)             Reported on input line 4196.

*************************************
* Local config file bblopts.cfg used
*
(C:\Users\maria\AppData\Local\Programs\MiKTeX\tex/latex/arabi\bblopts.cfg
File: bblopts.cfg 2005/09/08 v0.1 add Arabic and Farsi to "declared" options of babel
) (C:\Users\maria\AppData\Local\Programs\MiKTeX\tex/generic/babel/locale/en\babel-english.tex) (C:\Users\maria\AppData\Local\Programs\MiKTeX\tex/generic/babel/locale/invalid\babel-brazil.tex)
Package babel Info: Importing font and identification data for english
(babel)             from babel-en.ini. Reported on input line 4320.
 (C:\Users\maria\AppData\Local\Programs\MiKTeX\tex/latex/babel-english\english.ldf
Language: english 2017/06/06 v3.3r English support from the babel system
Package babel Info: Hyphen rules for 'canadian' set to \l@english
(babel)             (\language0). Reported on input line 102.
Package babel Info: Hyphen rules for 'australian' set to \l@ukenglish
(babel)             (\language73). Reported on input line 105.
Package babel Info: Hyphen rules for 'newzealand' set to \l@ukenglish
(babel)             (\language73). Reported on input line 108.
)

Package babel Warning: Name 'brazil' is deprecated.
(babel)                Use 'brazilian' instead.
(babel)                Reported on input line 4320.

Package babel Info: Importing font and identification data for brazil
(babel)             from babel-pt-BR.ini. Reported on input line 4320.
(C:\Users\maria\AppData\Local\Programs\MiKTeX\tex/latex/babel-portuges\brazilian.ldf
Language: portuges 2021/07/09 v1.2t Portuguese support from the babel system
Package babel Info: Hyphen rules for 'brazil' set to \l@portuguese
(babel)             (\language56). Reported on input line 111.
Package babel Info: Making " an active character on input line 143.
)) (C:\Users\maria\AppData\Local\Programs\MiKTeX\tex/latex/base\ifthen.sty
Package: ifthen 2024/03/16 v1.1e Standard LaTeX ifthen package (DPC)
) (C:\Users\maria\AppData\Local\Programs\MiKTeX\tex/latex/graphics\graphicx.sty
Package: graphicx 2024/12/31 v1.2e Enhanced LaTeX Graphics (DPC,SPQR)
 (C:\Users\maria\AppData\Local\Programs\MiKTeX\tex/latex/graphics\keyval.sty
Package: keyval 2022/05/29 v1.15 key=value parser (DPC)
\KV@toks@=\toks17
) (C:\Users\maria\AppData\Local\Programs\MiKTeX\tex/latex/graphics\graphics.sty
Package: graphics 2024/08/06 v1.4g Standard LaTeX Graphics (DPC,SPQR)
 (C:\Users\maria\AppData\Local\Programs\MiKTeX\tex/latex/graphics\trig.sty
Package: trig 2023/12/02 v1.11 sin cos tan (DPC)
) (C:\Users\maria\AppData\Local\Programs\MiKTeX\tex/latex/graphics-cfg\graphics.cfg
File: graphics.cfg 2016/06/04 v1.11 sample graphics configuration
)
Package graphics Info: Driver file: pdftex.def on input line 106.
 (C:\Users\maria\AppData\Local\Programs\MiKTeX\tex/latex/graphics-def\pdftex.def
File: pdftex.def 2025/09/29 v1.2d Graphics/color driver for pdftex
))
\Gin@req@height=\dimen150
\Gin@req@width=\dimen151
) (C:\Users\maria\AppData\Local\Programs\MiKTeX\tex/latex/setspace\setspace.sty
Package: setspace 2022/12/04 v6.7b set line spacing
) (C:\Users\maria\AppData\Local\Programs\MiKTeX\tex/latex/tools\tabularx.sty
Package: tabularx 2023/12/11 v2.12a `tabularx' package (DPC)
 (C:\Users\maria\AppData\Local\Programs\MiKTeX\tex/latex/tools\array.sty
Package: array 2025/09/25 v2.6n Tabular extension package (FMi)
\col@sep=\dimen152
\ar@mcellbox=\box53
\extrarowheight=\dimen153
\NC@list=\toks18
\extratabsurround=\skip53
\backup@length=\skip54
\ar@cellbox=\box54
)
\TX@col@width=\dimen154
\TX@old@table=\dimen155
\TX@old@col=\dimen156
\TX@target=\dimen157
\TX@delta=\dimen158
\TX@cols=\count288
\TX@ftn=\toks19
) (C:\Users\maria\AppData\Local\Programs\MiKTeX\tex/latex/eqparbox\eqparbox.sty
Package: eqparbox 2017/09/03 v4.1 Create equal-widthed boxes
\eqp@tempdima=\skip55
\eqp@tempdimb=\skip56
\eqp@tabular@box=\box55
\eqp@list@box=\box56
\eqp@list@indent=\skip57
 (C:\Users\maria\AppData\Local\Programs\MiKTeX\tex/latex/environ\environ.sty
Package: environ 2014/05/04 v0.3 A new way to define environments
 (C:\Users\maria\AppData\Local\Programs\MiKTeX\tex/latex/trimspaces\trimspaces.sty
Package: trimspaces 2009/09/17 v1.1 Trim spaces around a token list
)
\@envbody=\toks20
)) (C:\Users\maria\AppData\Local\Programs\MiKTeX\tex/generic/ltxcmds\ltxcmds.sty
Package: ltxcmds 2023-12-04 v1.26 LaTeX kernel commands for general use (HO)
) (C:\Users\maria\AppData\Local\Programs\MiKTeX\tex/latex/geometry\geometry.sty
Package: geometry 2020/01/02 v5.9 Page Geometry
 (C:\Users\maria\AppData\Local\Programs\MiKTeX\tex/generic/iftex\ifvtex.sty
Package: ifvtex 2019/10/25 v1.7 ifvtex legacy package. Use iftex instead.
 (C:\Users\maria\AppData\Local\Programs\MiKTeX\tex/generic/iftex\iftex.sty
Package: iftex 2024/12/12 v1.0g TeX engine tests
))
\Gm@cnth=\count289
\Gm@cntv=\count290
\c@Gm@tempcnt=\count291
\Gm@bindingoffset=\dimen159
\Gm@wd@mp=\dimen160
\Gm@odd@mp=\dimen161
\Gm@even@mp=\dimen162
\Gm@layoutwidth=\dimen163
\Gm@layoutheight=\dimen164
\Gm@layouthoffset=\dimen165
\Gm@layoutvoffset=\dimen166
\Gm@dimlist=\toks21
 (C:\Users\maria\AppData\Local\Programs\MiKTeX\tex/latex/geometry\geometry.cfg))
\@advisor=\count292
\@examiner=\count293
\c@keywords=\count294
\bibindent=\dimen167
) (Preambulo/Pacotes.tex (C:\Users\maria\AppData\Local\Programs\MiKTeX\tex/latex/base\inputenc.sty
Package: inputenc 2024/02/08 v1.3d Input encoding file
\inpenc@prehook=\toks22
\inpenc@posthook=\toks23
) (C:\Users\maria\AppData\Local\Programs\MiKTeX\tex/latex/etoolbox\etoolbox.sty
Package: etoolbox 2025/10/02 v2.5m e-TeX tools for LaTeX (JAW)
\etb@tempcnta=\count295
) (C:\Users\maria\AppData\Local\Programs\MiKTeX\tex/latex/amsmath\amsmath.sty
Package: amsmath 2025/07/09 v2.17z AMS math features
\@mathmargin=\skip58

For additional information on amsmath, use the `?' option.
(C:\Users\maria\AppData\Local\Programs\MiKTeX\tex/latex/amsmath\amstext.sty
Package: amstext 2024/11/17 v2.01 AMS text
 (C:\Users\maria\AppData\Local\Programs\MiKTeX\tex/latex/amsmath\amsgen.sty
File: amsgen.sty 1999/11/30 v2.0 generic functions
\@emptytoks=\toks24
\ex@=\dimen168
)) (C:\Users\maria\AppData\Local\Programs\MiKTeX\tex/latex/amsmath\amsbsy.sty
Package: amsbsy 1999/11/29 v1.2d Bold Symbols
\pmbraise@=\dimen169
) (C:\Users\maria\AppData\Local\Programs\MiKTeX\tex/latex/amsmath\amsopn.sty
Package: amsopn 2022/04/08 v2.04 operator names
)
\inf@bad=\count296
LaTeX Info: Redefining \frac on input line 233.
\uproot@=\count297
\leftroot@=\count298
LaTeX Info: Redefining \overline on input line 398.
LaTeX Info: Redefining \colon on input line 409.
\classnum@=\count299
\DOTSCASE@=\count300
LaTeX Info: Redefining \ldots on input line 495.
LaTeX Info: Redefining \dots on input line 498.
LaTeX Info: Redefining \cdots on input line 619.
\Mathstrutbox@=\box57
\strutbox@=\box58
LaTeX Info: Redefining \big on input line 721.
LaTeX Info: Redefining \Big on input line 722.
LaTeX Info: Redefining \bigg on input line 723.
LaTeX Info: Redefining \Bigg on input line 724.
\big@size=\dimen170
LaTeX Font Info:    Redeclaring font encoding OML on input line 742.
LaTeX Font Info:    Redeclaring font encoding OMS on input line 743.
\macc@depth=\count301
LaTeX Info: Redefining \bmod on input line 904.
LaTeX Info: Redefining \pmod on input line 909.
LaTeX Info: Redefining \smash on input line 939.
LaTeX Info: Redefining \relbar on input line 969.
LaTeX Info: Redefining \Relbar on input line 970.
\c@MaxMatrixCols=\count302
\dotsspace@=\muskip17
\c@parentequation=\count303
\dspbrk@lvl=\count304
\tag@help=\toks25
\row@=\count305
\column@=\count306
\maxfields@=\count307
\andhelp@=\toks26
\eqnshift@=\dimen171
\alignsep@=\dimen172
\tagshift@=\dimen173
\tagwidth@=\dimen174
\totwidth@=\dimen175
\lineht@=\dimen176
\@envbody=\toks27
\multlinegap=\skip59
\multlinetaggap=\skip60
\mathdisplay@stack=\toks28
LaTeX Info: Redefining \[ on input line 2950.
LaTeX Info: Redefining \] on input line 2951.
) (C:\Users\maria\AppData\Local\Programs\MiKTeX\tex/latex/amscls\amsthm.sty
Package: amsthm 2020/05/29 v2.20.6
\thm@style=\toks29
\thm@bodyfont=\toks30
\thm@headfont=\toks31
\thm@notefont=\toks32
\thm@headpunct=\toks33
\thm@preskip=\skip61
\thm@postskip=\skip62
\thm@headsep=\skip63
\dth@everypar=\toks34
) (C:\Users\maria\AppData\Local\Programs\MiKTeX\tex/latex/amsmath\amscd.sty
Package: amscd 2017/04/14 v2.1 AMS Commutative Diagrams
\athelp@=\toks35
\minaw@=\dimen177
\bigaw@=\dimen178
\minCDarrowwidth=\dimen179
) (C:\Users\maria\AppData\Local\Programs\MiKTeX\tex/latex/amsfonts\amsfonts.sty
Package: amsfonts 2013/01/14 v3.01 Basic AMSFonts support
\symAMSa=\mathgroup4
\symAMSb=\mathgroup5
LaTeX Font Info:    Redeclaring math symbol \hbar on input line 98.
LaTeX Font Info:    Overwriting math alphabet `\mathfrak' in version `bold'
(Font)                  U/euf/m/n --> U/euf/b/n on input line 106.
) (C:\Users\maria\AppData\Local\Programs\MiKTeX\tex/latex/jknappen\mathrsfs.sty
Package: mathrsfs 1996/01/01 Math RSFS package v1.0 (jk)
\symrsfs=\mathgroup6
) (C:\Users\maria\AppData\Local\Programs\MiKTeX\tex/latex/xcolor\xcolor.sty
Package: xcolor 2024/09/29 v3.02 LaTeX color extensions (UK)
 (C:\Users\maria\AppData\Local\Programs\MiKTeX\tex/latex/graphics-cfg\color.cfg
File: color.cfg 2016/01/02 v1.6 sample color configuration
)
Package xcolor Info: Driver file: pdftex.def on input line 274.
 (C:\Users\maria\AppData\Local\Programs\MiKTeX\tex/latex/graphics\mathcolor.ltx)
Package xcolor Info: Model `cmy' substituted by `cmy0' on input line 1349.
Package xcolor Info: Model `hsb' substituted by `rgb' on input line 1353.
Package xcolor Info: Model `RGB' extended on input line 1365.
Package xcolor Info: Model `HTML' substituted by `rgb' on input line 1367.
Package xcolor Info: Model `Hsb' substituted by `hsb' on input line 1368.
Package xcolor Info: Model `tHsb' substituted by `hsb' on input line 1369.
Package xcolor Info: Model `HSB' substituted by `hsb' on input line 1370.
Package xcolor Info: Model `Gray' substituted by `gray' on input line 1371.
Package xcolor Info: Model `wave' substituted by `hsb' on input line 1372.
) (C:\Users\maria\AppData\Local\Programs\MiKTeX\tex/latex/graphics\dvipsnam.def
File: dvipsnam.def 2016/06/17 v3.0m Driver-dependent file (DPC,SPQR)
) (C:\Users\maria\AppData\Local\Programs\MiKTeX\tex/latex/tools\enumerate.sty
Package: enumerate 2023/07/04 v3.00 enumerate extensions (DPC)
\@enLab=\toks36
) (C:\Users\maria\AppData\Local\Programs\MiKTeX\tex/latex/hyperref\hyperref.sty
Package: hyperref 2025-07-12 v7.01o Hypertext links for LaTeX
 (C:\Users\maria\AppData\Local\Programs\MiKTeX\tex/latex/kvsetkeys\kvsetkeys.sty
Package: kvsetkeys 2022-10-05 v1.19 Key value parser (HO)
) (C:\Users\maria\AppData\Local\Programs\MiKTeX\tex/generic/kvdefinekeys\kvdefinekeys.sty
Package: kvdefinekeys 2019-12-19 v1.6 Define keys (HO)
) (C:\Users\maria\AppData\Local\Programs\MiKTeX\tex/generic/pdfescape\pdfescape.sty
Package: pdfescape 2019/12/09 v1.15 Implements pdfTeX's escape features (HO)
 (C:\Users\maria\AppData\Local\Programs\MiKTeX\tex/generic/pdftexcmds\pdftexcmds.sty
Package: pdftexcmds 2020-06-27 v0.33 Utility functions of pdfTeX for LuaTeX (HO)
 (C:\Users\maria\AppData\Local\Programs\MiKTeX\tex/generic/infwarerr\infwarerr.sty
Package: infwarerr 2019/12/03 v1.5 Providing info/warning/error messages (HO)
)
Package pdftexcmds Info: \pdf@primitive is available.
Package pdftexcmds Info: \pdf@ifprimitive is available.
Package pdftexcmds Info: \pdfdraftmode found.
)) (C:\Users\maria\AppData\Local\Programs\MiKTeX\tex/latex/hycolor\hycolor.sty
Package: hycolor 2020-01-27 v1.10 Color options for hyperref/bookmark (HO)
) (C:\Users\maria\AppData\Local\Programs\MiKTeX\tex/latex/hyperref\nameref.sty
Package: nameref 2025-06-21 v2.57 Cross-referencing by name of section
 (C:\Users\maria\AppData\Local\Programs\MiKTeX\tex/latex/refcount\refcount.sty
Package: refcount 2019/12/15 v3.6 Data extraction from label references (HO)
) (C:\Users\maria\AppData\Local\Programs\MiKTeX\tex/generic/gettitlestring\gettitlestring.sty
Package: gettitlestring 2019/12/15 v1.6 Cleanup title references (HO)
 (C:\Users\maria\AppData\Local\Programs\MiKTeX\tex/latex/kvoptions\kvoptions.sty
Package: kvoptions 2022-06-15 v3.15 Key value format for package options (HO)
))
\c@section@level=\count308
) (C:\Users\maria\AppData\Local\Programs\MiKTeX\tex/generic/stringenc\stringenc.sty
Package: stringenc 2019/11/29 v1.12 Convert strings between diff. encodings (HO)
)
\@linkdim=\dimen180
\Hy@linkcounter=\count309
\Hy@pagecounter=\count310
 (C:\Users\maria\AppData\Local\Programs\MiKTeX\tex/latex/hyperref\pd1enc.def
File: pd1enc.def 2025-07-12 v7.01o Hyperref: PDFDocEncoding definition (HO)
Now handling font encoding PD1 ...
... no UTF-8 mapping file for font encoding PD1
) (C:\Users\maria\AppData\Local\Programs\MiKTeX\tex/generic/intcalc\intcalc.sty
Package: intcalc 2019/12/15 v1.3 Expandable calculations with integers (HO)
)
\Hy@SavedSpaceFactor=\count311
 (C:\Users\maria\AppData\Local\Programs\MiKTeX\tex/latex/hyperref\puenc.def
File: puenc.def 2025-07-12 v7.01o Hyperref: PDF Unicode definition (HO)
Now handling font encoding PU ...
... no UTF-8 mapping file for font encoding PU
)
Package hyperref Info: Hyper figures OFF on input line 4195.
Package hyperref Info: Link nesting OFF on input line 4200.
Package hyperref Info: Hyper index ON on input line 4203.
Package hyperref Info: Plain pages OFF on input line 4210.
Package hyperref Info: Backreferencing OFF on input line 4215.
Package hyperref Info: Implicit mode ON; LaTeX internals redefined.
Package hyperref Info: Bookmarks ON on input line 4462.
\c@Hy@tempcnt=\count312
 (C:\Users\maria\AppData\Local\Programs\MiKTeX\tex/latex/url\url.sty
\Urlmuskip=\muskip18
Package: url 2013/09/16  ver 3.4  Verb mode for urls, etc.
)
LaTeX Info: Redefining \url on input line 4801.
\XeTeXLinkMargin=\dimen181
 (C:\Users\maria\AppData\Local\Programs\MiKTeX\tex/generic/bitset\bitset.sty
Package: bitset 2019/12/09 v1.3 Handle bit-vector datatype (HO)
 (C:\Users\maria\AppData\Local\Programs\MiKTeX\tex/generic/bigintcalc\bigintcalc.sty
Package: bigintcalc 2019/12/15 v1.5 Expandable calculations on big integers (HO)
))
\Fld@menulength=\count313
\Field@Width=\dimen182
\Fld@charsize=\dimen183
Package hyperref Info: Hyper figures OFF on input line 6078.
Package hyperref Info: Link nesting OFF on input line 6083.
Package hyperref Info: Hyper index ON on input line 6086.
Package hyperref Info: backreferencing OFF on input line 6093.
Package hyperref Info: Link coloring OFF on input line 6098.
Package hyperref Info: Link coloring with OCG OFF on input line 6103.
Package hyperref Info: PDF/A mode OFF on input line 6108.
\Hy@abspage=\count314
\c@Item=\count315
\c@Hfootnote=\count316
)
Package hyperref Info: Driver (autodetected): hpdftex.
 (C:\Users\maria\AppData\Local\Programs\MiKTeX\tex/latex/hyperref\hpdftex.def
File: hpdftex.def 2025-07-12 v7.01o Hyperref driver for pdfTeX
\Fld@listcount=\count317
\c@bookmark@seq@number=\count318
 (C:\Users\maria\AppData\Local\Programs\MiKTeX\tex/latex/rerunfilecheck\rerunfilecheck.sty
Package: rerunfilecheck 2025-06-21 v1.11 Rerun checks for auxiliary files (HO)
 (C:\Users\maria\AppData\Local\Programs\MiKTeX\tex/generic/uniquecounter\uniquecounter.sty
Package: uniquecounter 2019/12/15 v1.4 Provide unlimited unique counter (HO)
)
Package uniquecounter Info: New unique counter `rerunfilecheck' on input line 284.
)
\Hy@SectionHShift=\skip64
) (C:\Users\maria\AppData\Local\Programs\MiKTeX\tex/generic/xypic\xy.sty (C:\Users\maria\AppData\Local\Programs\MiKTeX\tex/generic/xypic\xy.tex Bootstrap'ing: catcodes, docmode, (C:\Users\maria\AppData\Local\Programs\MiKTeX\tex/generic/xypic\xyrecat.tex) (C:\Users\maria\AppData\Local\Programs\MiKTeX\tex/generic/xypic\xyidioms.tex)

 Xy-pic version 3.8.9 <2013/10/06>
 Copyright (c) 1991-2013 by Kristoffer H. Rose <krisrose@tug.org> and others
 Xy-pic is free software: see the User's Guide for details.

Loading kernel: messages; fonts; allocations: state,
\X@c=\dimen184
\Y@c=\dimen185
\U@c=\dimen186
\D@c=\dimen187
\L@c=\dimen188
\R@c=\dimen189
\Edge@c=\toks37
\X@p=\dimen190
\Y@p=\dimen191
\U@p=\dimen192
\D@p=\dimen193
\L@p=\dimen194
\R@p=\dimen195
\Edge@p=\toks38
\X@origin=\dimen196
\Y@origin=\dimen197
\X@xbase=\dimen198
\Y@xbase=\dimen199
\X@ybase=\dimen256
\Y@ybase=\dimen257
\X@min=\dimen258
\Y@min=\dimen259
\X@max=\dimen260
\Y@max=\dimen261
\lastobjectbox@=\box59
\zerodotbox@=\box60
\almostz@=\dimen262
 direction,
\d@X=\dimen263
\d@Y=\dimen264
\K@=\count319
\KK@=\count320
\Direction=\count321
\K@dXdY=\dimen265
\K@dYdX=\dimen266
\xyread@=\read3
\xywrite@=\write3
\csp@=\count322
\quotPTK@=\dimen267
 utility macros; pictures: \xy, positions,
\swaptoks@@=\toks39
\connectobjectbox@@=\box61
 objects,
\styletoks@=\toks40
 decorations; kernel objects: directionals, circles, text; options; algorithms: directions, edges, connections;  Xy-pic loaded) (C:\Users\maria\AppData\Local\Programs\MiKTeX\tex/generic/iftex\ifpdf.sty
Package: ifpdf 2019/10/25 v3.4 ifpdf legacy package. Use iftex instead.
)
Package: xy 2013/10/06 Xy-pic version 3.8.9
 (C:\Users\maria\AppData\Local\Programs\MiKTeX\tex/generic/xypic\xyall.tex  Xy-pic option: All features v.3.8 (C:\Users\maria\AppData\Local\Programs\MiKTeX\tex/generic/xypic\xycurve.tex  Xy-pic option: Curve and Spline extension v.3.12 curve,
\crv@cnt@=\count323
\crvpts@=\toks41
\splinebox@=\box62
\splineval@=\dimen268
\splinedepth@=\dimen269
\splinetol@=\dimen270
\splinelength@=\dimen271
 circles,
\L@=\dimen272
 loaded) (C:\Users\maria\AppData\Local\Programs\MiKTeX\tex/generic/xypic\xyframe.tex  Xy-pic option: Frame and Bracket extension v.3.14 loaded) (C:\Users\maria\AppData\Local\Programs\MiKTeX\tex/generic/xypic\xycmtip.tex  Xy-pic option: Computer Modern tip extension v.3.7 (C:\Users\maria\AppData\Local\Programs\MiKTeX\tex/generic/xypic\xytips.tex  Xy-pic option: More Tips extension v.3.11 loaded) loaded) (C:\Users\maria\AppData\Local\Programs\MiKTeX\tex/generic/xypic\xyline.tex  Xy-pic option: Line styles extension v.3.10
\xylinethick@=\dimen273
 loaded) (C:\Users\maria\AppData\Local\Programs\MiKTeX\tex/generic/xypic\xyrotate.tex  Xy-pic option: Rotate and Scale extension v.3.8 loaded) (C:\Users\maria\AppData\Local\Programs\MiKTeX\tex/generic/xypic\xycolor.tex  Xy-pic option: Colour extension v.3.11 loaded) (C:\Users\maria\AppData\Local\Programs\MiKTeX\tex/generic/xypic\xymatrix.tex  Xy-pic option: Matrix feature v.3.14
\Row=\count324
\Col=\count325
\queue@=\toks42
\queue@@=\toks43
\qcount@=\count326
\qcount@@=\count327
\matrixsize@=\count328
 loaded) (C:\Users\maria\AppData\Local\Programs\MiKTeX\tex/generic/xypic\xyarrow.tex  Xy-pic option: Arrow and Path feature v.3.9 path, \ar, loaded) (C:\Users\maria\AppData\Local\Programs\MiKTeX\tex/generic/xypic\xygraph.tex  Xy-pic option: Graph feature v.3.11 loaded) loaded) (C:\Users\maria\AppData\Local\Programs\MiKTeX\tex/generic/xypic\xypdf.tex  Xy-pic option: PDF driver v.1.7 Xy-pic pdf driver: `color' extension support (C:\Users\maria\AppData\Local\Programs\MiKTeX\tex/generic/xypic\xypdf-co.tex loaded) Xy-pic pdf driver: `curve' extension support (C:\Users\maria\AppData\Local\Programs\MiKTeX\tex/generic/xypic\xypdf-cu.tex loaded) Xy-pic pdf driver: `frame' extension support (C:\Users\maria\AppData\Local\Programs\MiKTeX\tex/generic/xypic\xypdf-fr.tex loaded) Xy-pic pdf driver: `line' extension support (C:\Users\maria\AppData\Local\Programs\MiKTeX\tex/generic/xypic\xypdf-li.tex loaded) Xy-pic pdf driver: `rotate' extension support (C:\Users\maria\AppData\Local\Programs\MiKTeX\tex/generic/xypic\xypdf-ro.tex loaded) loaded)) (C:\Users\maria\AppData\Local\Programs\MiKTeX\tex/latex/glossaries-extra\glossaries-extra.sty
Package: glossaries-extra 2025/11/03 v1.9 (NLCT)
 (C:\Users\maria\AppData\Local\Programs\MiKTeX\tex/latex/xkeyval\xkeyval.sty
Package: xkeyval 2022/06/16 v2.9 package option processing (HA)
 (C:\Users\maria\AppData\Local\Programs\MiKTeX\tex/generic/xkeyval\xkeyval.tex (C:\Users\maria\AppData\Local\Programs\MiKTeX\tex/generic/xkeyval\xkvutils.tex
\XKV@toks=\toks44
\XKV@tempa@toks=\toks45
)
\XKV@depth=\count329
File: xkeyval.tex 2014/12/03 v2.7a key=value parser (HA)
)) (C:\Users\maria\AppData\Local\Programs\MiKTeX\tex/latex/glossaries/base\glossaries.sty
Package: glossaries 2025/11/09 v4.9 (NLCT)
 (C:\Users\maria\AppData\Local\Programs\MiKTeX\tex/latex/mfirstuc\mfirstuc.sty
Package: mfirstuc 2025/04/03 v2.09 (NLCT)
\@glsmfirst=\toks46
\@glsmrest=\toks47
) (C:\Users\maria\AppData\Local\Programs\MiKTeX\tex/latex/xfor\xfor.sty
Package: xfor 2009/02/05 v1.05 (NLCT)
) (C:\Users\maria\AppData\Local\Programs\MiKTeX\tex/latex/tracklang\tracklang.sty
Package: tracklang 2025/03/11 v1.6.6 (NLCT) Track Languages
 (C:\Users\maria\AppData\Local\Programs\MiKTeX\tex/generic/tracklang\tracklang.tex)
Package tracklang Info: Tracking dialect `english' (language `english') on input line 264.
Package tracklang Info: Tracking dialect `brazil' (language `portuges') on input line 264.
Package tracklang Info: Tracking dialect `brazil' (language `portuges') on input line 264.
Package tracklang Info: Tracking dialect `english' (language `english') on input line 264.
) (C:\Users\maria\AppData\Local\Programs\MiKTeX\tex/latex/glossaries-english\glossaries-english.ldf
File: glossaries-english.ldf 2014/11/23 v1.0
) (C:\Users\maria\AppData\Local\Programs\MiKTeX\tex/latex/glossaries-portuges\glossaries-pt-BR.ldf
File: glossaries-pt-BR.ldf 2014/11/23 v1.0
 (C:\Users\maria\AppData\Local\Programs\MiKTeX\tex/latex/glossaries-portuges\glossaries-portuges-utf8.ldf)) (C:\Users\maria\AppData\Local\Programs\MiKTeX\tex/latex/datatool\datatool-base.sty
Package: datatool-base 2025/12/04 v3.4.3 (NLCT)
\l__datatool_tmpa_int=\count330
\l__datatool_tmpb_int=\count331
\l__datatool_tmpc_int=\count332
\l__datatool_tmpd_int=\count333
\l__datatool_count_int=\count334
\l__datatool_tmp_datatype_int=\count335
\l__datatool_tmpa_dim=\dimen274
\l__datatool_tmpb_dim=\dimen275
 (C:\Users\maria\AppData\Local\Programs\MiKTeX\tex/latex/datatool\datatool-l3fp.def
File: datatool-l3fp.def 2025/12/04 v3.4.3 (NLCT)
)
\@dtl@toks=\toks48
\@dtl@tmpcount=\count336
\dtl@tmplength=\skip65
\l__datatool_measure_box=\box63
\dtl@sortresult=\count337
 (C:\Users\maria\AppData\Local\Programs\MiKTeX\tex/latex/datatool\datatool-utf8.ldf
File: datatool-utf8.ldf 2025/12/04 v3.4.3 (NLCT)
)
\@dtl@datatype=\count338
\c_datatool_unknown_int=\count339
\l__datatool_year_int=\count340
\l__datatool_month_int=\count341
\l__datatool_day_int=\count342
\l__datatool_hour_int=\count343
\l__datatool_minute_int=\count344
\l__datatool_second_int=\count345
\l__datatool_tzhour_int=\count346
\l__datatool_tzminute_int=\count347
\l__datatool_julian_int=\count348
\l__datatool_local_julian_int=\count349
\l__datatool_prefix_int=\count350
\l__datatool_suffix_int=\count351
\@dtl@foreach@level=\count352


Package tracklang Warning: No `datatool' support for dialect `english'  on input line 9924.


Package tracklang Warning: No `datatool' support for dialect `brazil'  on input line 9924.


Package tracklang Warning: No `datatool' support for dialect `brazil'  on input line 9924.

\dtl@codeA=\count353
\dtl@codeB=\count354
)
\gls@level=\count355
\@gls@tmpb=\toks49
\gls@tmplen=\skip66
\l__glossaries_tmpa_dim=\dimen276
\l__glossaries_tmpb_dim=\dimen277
\glskeylisttok=\toks50
\glslabeltok=\toks51
\glsshorttok=\toks52
\glslongtok=\toks53
 (C:\Users\maria\AppData\Local\Programs\MiKTeX\tex/latex/glossaries/styles\glossary-hypernav.sty
Package: glossary-hypernav 2025/11/09 v4.9 (NLCT)
) (C:\Users\maria\AppData\Local\Programs\MiKTeX\tex/latex/glossaries/styles\glossary-list.sty
Package: glossary-list 2025/11/09 v4.9 (NLCT)
\glslistdottedwidth=\skip67
) (C:\Users\maria\AppData\Local\Programs\MiKTeX\tex/latex/glossaries/styles\glossary-long.sty
Package: glossary-long 2025/11/09 v4.9 (NLCT)
 (C:\Users\maria\AppData\Local\Programs\MiKTeX\tex/latex/tools\longtable.sty
Package: longtable 2025-10-13 v4.24 Multi-page Table package (DPC)
\LTleft=\skip68
\LTright=\skip69
\LTpre=\skip70
\LTpost=\skip71
\LTchunksize=\count356
\LTcapwidth=\dimen278
\LT@head=\box64
\LT@firsthead=\box65
\LT@foot=\box66
\LT@lastfoot=\box67
\LT@gbox=\box68
\LT@cols=\count357
\LT@rows=\count358
\c@LT@tables=\count359
\c@LT@chunks=\count360
\LT@p@ftn=\toks54
)
\glsdescwidth=\skip72
\glspagelistwidth=\skip73
) (C:\Users\maria\AppData\Local\Programs\MiKTeX\tex/latex/glossaries/styles\glossary-super.sty
Package: glossary-super 2025/11/09 v4.9 (NLCT)
 (C:\Users\maria\AppData\Local\Programs\MiKTeX\tex/latex/supertabular\supertabular.sty
Package: supertabular 2025/06/26 v4.2d the supertabular environment
\c@tracingst=\count361
\ST@wd=\dimen279
\ST@rightskip=\skip74
\ST@leftskip=\skip75
\ST@parfillskip=\skip76
\ST@pageleft=\dimen280
\ST@headht=\dimen281
\ST@tailht=\dimen282
\ST@pagesofar=\dimen283
\ST@pboxht=\dimen284
\ST@rowht=\dimen285
\ST@prevht=\dimen286
\ST@toadd=\dimen287
\ST@dimen=\dimen288
\ST@pbox=\box69
)) (C:\Users\maria\AppData\Local\Programs\MiKTeX\tex/latex/glossaries/styles\glossary-tree.sty
Package: glossary-tree 2025/11/09 v4.9 (NLCT)
\l__glossaries_tree_max_known_level_int=\count362
\l__glossaries_tree_offset_dim=\dimen289
\l__glossaries_tree_namewidth_dim=\dimen290
\l__glossaries_tree_symbolwidth_dim=\dimen291
\l__glossaries_tree_prenamesym_width_dim=\dimen292
\l__glossaries_tree_presubnamesym_width_dim=\dimen293
\l__glossaries_tree_namewidth_padding_dim=\dimen294
\l__glossaries_tree_symbolwidth_padding_dim=\dimen295
\l__glossaries_tree_namesymbolwidth_dim=\dimen296
\l__glossaries_tree_namesymbolwidth_padding_dim=\dimen297
\l__glossaries_tree_level_int=\count363
\glstreeindent=\skip77
))
\@glsxtr@leveloffset=\count364
\glsxtrresourcecount=\count365
\@glsxtrnewgls@inner=\count366
\glsshortpltok=\toks55
\glslongpltok=\toks56
 (C:\Users\maria\AppData\Local\Programs\MiKTeX\tex/latex/glossaries-extra\glossaries-extra-abbrstyles.def
File: glossaries-extra-abbrstyles.def 2025/11/03 v1.9 (NLCT)
)
\mglselementindex=\count367
) (C:\Users\maria\AppData\Local\Programs\MiKTeX\tex/latex/pst-node\pst-node.sty
Package: pst-node 2012/09/18 v1.01 LaTeX wrapper for `pst-node' (HV)
 (C:\Users\maria\AppData\Local\Programs\MiKTeX\tex/latex/pstricks\pstricks.sty
Package: pstricks 2024/02/02 v0.75 LaTeX wrapper for `PSTricks' (RN,HV)
 (C:\Users\maria\AppData\Local\Programs\MiKTeX\tex/generic/xkeyval\pst-xkey.tex
File: pst-xkey.tex 2005/11/25 v1.6 PSTricks specialization of xkeyval (HA)
) (C:\Users\maria\AppData\Local\Programs\MiKTeX\tex/generic/pstricks\pstricks.tex (C:\Users\maria\AppData\Local\Programs\MiKTeX\tex/generic/pstricks\pst-fp.tex `pst-fp' v0.06, 2020/11/20 (hv)
\pstFP@xs=\count368
\pstFP@xia=\count369
\pstFP@xib=\count370
\pstFP@xfa=\count371
\pstFP@xfb=\count372
\pstFP@rega=\count373
\pstFP@regb=\count374
\pstFP@regs=\count375
\pstFP@times=\count376
) (C:\Users\maria\AppData\Local\Programs\MiKTeX\tex/latex/pgf/utilities\pgffor.sty (C:\Users\maria\AppData\Local\Programs\MiKTeX\tex/latex/pgf/utilities\pgfrcs.sty (C:\Users\maria\AppData\Local\Programs\MiKTeX\tex/generic/pgf/utilities\pgfutil-common.tex
\pgfutil@everybye=\toks57
\pgfutil@tempdima=\dimen298
\pgfutil@tempdimb=\dimen299
) (C:\Users\maria\AppData\Local\Programs\MiKTeX\tex/generic/pgf/utilities\pgfutil-latex.def
\pgfutil@abb=\box70
) (C:\Users\maria\AppData\Local\Programs\MiKTeX\tex/generic/pgf/utilities\pgfrcs.code.tex (C:\Users\maria\AppData\Local\Programs\MiKTeX\tex/generic/pgf\pgf.revision.tex)
Package: pgfrcs 2025-08-29 v3.1.11a (3.1.11a)
)) (C:\Users\maria\AppData\Local\Programs\MiKTeX\tex/latex/pgf/utilities\pgfkeys.sty (C:\Users\maria\AppData\Local\Programs\MiKTeX\tex/generic/pgf/utilities\pgfkeys.code.tex
\pgfkeys@pathtoks=\toks58
\pgfkeys@temptoks=\toks59
 (C:\Users\maria\AppData\Local\Programs\MiKTeX\tex/generic/pgf/utilities\pgfkeyslibraryfiltered.code.tex
\pgfkeys@tmptoks=\toks60
))) (C:\Users\maria\AppData\Local\Programs\MiKTeX\tex/latex/pgf/math\pgfmath.sty (C:\Users\maria\AppData\Local\Programs\MiKTeX\tex/generic/pgf/math\pgfmath.code.tex (C:\Users\maria\AppData\Local\Programs\MiKTeX\tex/generic/pgf/math\pgfmathutil.code.tex
\pgf@x=\dimen300
\pgf@xa=\dimen301
\pgf@xb=\dimen302
\pgf@xc=\dimen303
\pgf@y=\dimen304
\pgf@ya=\dimen305
\pgf@yb=\dimen306
\pgf@yc=\dimen307
\c@pgf@counta=\count377
\c@pgf@countb=\count378
\c@pgf@countc=\count379
\c@pgf@countd=\count380
) (C:\Users\maria\AppData\Local\Programs\MiKTeX\tex/generic/pgf/math\pgfmathparser.code.tex
\pgfmath@dimen=\dimen308
\pgfmath@count=\count381
\pgfmath@box=\box71
\pgfmath@toks=\toks61
\pgfmath@stack@operand=\toks62
\pgfmath@stack@operation=\toks63
) (C:\Users\maria\AppData\Local\Programs\MiKTeX\tex/generic/pgf/math\pgfmathfunctions.code.tex) (C:\Users\maria\AppData\Local\Programs\MiKTeX\tex/generic/pgf/math\pgfmathfunctions.basic.code.tex) (C:\Users\maria\AppData\Local\Programs\MiKTeX\tex/generic/pgf/math\pgfmathfunctions.trigonometric.code.tex) (C:\Users\maria\AppData\Local\Programs\MiKTeX\tex/generic/pgf/math\pgfmathfunctions.random.code.tex) (C:\Users\maria\AppData\Local\Programs\MiKTeX\tex/generic/pgf/math\pgfmathfunctions.comparison.code.tex) (C:\Users\maria\AppData\Local\Programs\MiKTeX\tex/generic/pgf/math\pgfmathfunctions.base.code.tex) (C:\Users\maria\AppData\Local\Programs\MiKTeX\tex/generic/pgf/math\pgfmathfunctions.round.code.tex) (C:\Users\maria\AppData\Local\Programs\MiKTeX\tex/generic/pgf/math\pgfmathfunctions.misc.code.tex) (C:\Users\maria\AppData\Local\Programs\MiKTeX\tex/generic/pgf/math\pgfmathfunctions.integerarithmetics.code.tex) (C:\Users\maria\AppData\Local\Programs\MiKTeX\tex/generic/pgf/math\pgfmathcalc.code.tex) (C:\Users\maria\AppData\Local\Programs\MiKTeX\tex/generic/pgf/math\pgfmathfloat.code.tex
\c@pgfmathroundto@lastzeros=\count382
))) (C:\Users\maria\AppData\Local\Programs\MiKTeX\tex/generic/pgf/utilities\pgffor.code.tex
Package: pgffor 2025-08-29 v3.1.11a (3.1.11a)
\pgffor@iter=\dimen309
\pgffor@skip=\dimen310
\pgffor@stack=\toks64
\pgffor@toks=\toks65
))
\psLoopIndex=\count383

`PSTricks' v3.22A  <2025/12/13> (tvz,hv)
\pst@dima=\dimen311
\pst@dimb=\dimen312
\pst@dimc=\dimen313
\pst@dimd=\dimen314
\pst@dimg=\dimen315
\pst@dimh=\dimen316
\pst@dimm=\dimen317
\pst@dimn=\dimen318
\pst@dimo=\dimen319
\pst@dimp=\dimen320
\pst@hbox=\box72
\pst@ibox=\box73
\pst@boxg=\box74
\pst@cnta=\count384
\pst@cntb=\count385
\pst@cntc=\count386
\pst@cntd=\count387
\pst@cntg=\count388
\pst@cnth=\count389
\pst@cntm=\count390
\pst@cntn=\count391
\pst@cnto=\count392
\pst@cntp=\count393
\@zero=\count394
\pst@toks=\toks66
--- We are running latex or xelatex ---
(C:\Users\maria\AppData\Local\Programs\MiKTeX\tex/generic/pstricks\pstricks.con) (C:\Users\maria\AppData\Local\Programs\MiKTeX\tex/generic/pstricks\pstricks-color.tex)
\psunit=\dimen321
\psxunit=\dimen322
\psyunit=\dimen323
\pst@C@@rType=\count395
\pslinewidth=\dimen324
\psk@startLW=\dimen325
\psk@endLW=\dimen326
 (C:\Users\maria\AppData\Local\Programs\MiKTeX\tex/generic/pstricks\pstricks-arrows.tex
\pshooklength=\dimen327
\pshookwidth=\dimen328
)
\pst@customdefs=\toks67
 (C:\Users\maria\AppData\Local\Programs\MiKTeX\tex/generic/pstricks\pstricks-dots.tex)
\pslinearc=\dimen329
\pst@symbolStep=\dimen330
\pst@symbolWidth=\dimen331
\pst@symbolLinewidth=\dimen332
 (C:\Users\maria\AppData\Local\Programs\MiKTeX\tex/generic/pstricks\pst-code-grid.tex) (C:\Users\maria\AppData\Local\Programs\MiKTeX\tex/generic/pstricks\pst-code-box.tex
\everypsbox=\toks68
\psframesep=\dimen333
) (C:\Users\maria\AppData\Local\Programs\MiKTeX\tex/generic/pstricks\pst-code-arc.tex) (C:\Users\maria\AppData\Local\Programs\MiKTeX\tex/generic/pstricks\pst-code-circle_ellipse.tex) (C:\Users\maria\AppData\Local\Programs\MiKTeX\tex/generic/pstricks\pst-code-ref_rot.tex) (C:\Users\maria\AppData\Local\Programs\MiKTeX\tex/generic/pstricks\pst-code-put.tex
\pslabelsep=\dimen334
) (C:\Users\maria\AppData\Local\Programs\MiKTeX\tex/generic/pstricks\pst-code-pspicture.tex
\sh@wgridXunit=\dimen335
\sh@wgridYunit=\dimen336
\pst@shift=\dimen337
\ps@imagectr=\count396
) (C:\Users\maria\AppData\Local\Programs\MiKTeX\tex/generic/pstricks\pstricks.con))
File: pstricks.tex 2025/12/13 v3.22A `PSTricks' (tvz,hv)
 (C:\Users\maria\AppData\Local\Programs\MiKTeX\tex/generic/pstricks\pst-fp.tex `pst-fp' v0.06, 2020/11/20 (hv))
File: pst-fp.tex 2020/11/20 v0.06 `PST-fp' (hv)
)
Package: pst-node 2010/04/22 package wrapper for pst-node.tex
 (C:\Users\maria\AppData\Local\Programs\MiKTeX\tex/generic/pst-node\pst-node.tex  v1.44, 2024/07/04
\psrow=\count397
\pscol=\count398
\psmatrixcnt=\count399
\psrowsep=\skip78
\pscolsep=\skip79
\pst@args=\count400
\num@pts=\count401
\pst@argcnt=\count402
)
File: pst-node.tex 2024/07/04 1.44 `pst-node' (tvz,hv)
) (C:\Users\maria\AppData\Local\Programs\MiKTeX\tex/latex/tikz-cd\tikz-cd.sty
Package: tikz-cd 2021/05/04 v1.0 Commutative diagrams with TikZ
 (C:\Users\maria\AppData\Local\Programs\MiKTeX\tex/latex/pgf/frontendlayer\tikz.sty (C:\Users\maria\AppData\Local\Programs\MiKTeX\tex/latex/pgf/basiclayer\pgf.sty
Package: pgf 2025-08-29 v3.1.11a (3.1.11a)
 (C:\Users\maria\AppData\Local\Programs\MiKTeX\tex/latex/pgf/basiclayer\pgfcore.sty (C:\Users\maria\AppData\Local\Programs\MiKTeX\tex/latex/pgf/systemlayer\pgfsys.sty (C:\Users\maria\AppData\Local\Programs\MiKTeX\tex/generic/pgf/systemlayer\pgfsys.code.tex
Package: pgfsys 2025-08-29 v3.1.11a (3.1.11a)
\pgf@x=\dimen338
\pgf@y=\dimen339
\pgf@xa=\dimen340
\pgf@ya=\dimen341
\pgf@xb=\dimen342
\pgf@yb=\dimen343
\pgf@xc=\dimen344
\pgf@yc=\dimen345
\pgf@xd=\dimen346
\pgf@yd=\dimen347
\w@pgf@writea=\write4
\r@pgf@reada=\read4
\c@pgf@counta=\count403
\c@pgf@countb=\count404
\c@pgf@countc=\count405
\c@pgf@countd=\count406
\t@pgf@toka=\toks69
\t@pgf@tokb=\toks70
\t@pgf@tokc=\toks71
\pgf@sys@id@count=\count407
 (C:\Users\maria\AppData\Local\Programs\MiKTeX\tex/generic/pgf/systemlayer\pgf.cfg
File: pgf.cfg 2025-08-29 v3.1.11a (3.1.11a)
)
Driver file for pgf: pgfsys-pdftex.def
 (C:\Users\maria\AppData\Local\Programs\MiKTeX\tex/generic/pgf/systemlayer\pgfsys-pdftex.def
File: pgfsys-pdftex.def 2025-08-29 v3.1.11a (3.1.11a)
 (C:\Users\maria\AppData\Local\Programs\MiKTeX\tex/generic/pgf/systemlayer\pgfsys-common-pdf.def
File: pgfsys-common-pdf.def 2025-08-29 v3.1.11a (3.1.11a)
))) (C:\Users\maria\AppData\Local\Programs\MiKTeX\tex/generic/pgf/systemlayer\pgfsyssoftpath.code.tex
File: pgfsyssoftpath.code.tex 2025-08-29 v3.1.11a (3.1.11a)
\pgfsyssoftpath@smallbuffer@items=\count408
\pgfsyssoftpath@bigbuffer@items=\count409
) (C:\Users\maria\AppData\Local\Programs\MiKTeX\tex/generic/pgf/systemlayer\pgfsysprotocol.code.tex
File: pgfsysprotocol.code.tex 2025-08-29 v3.1.11a (3.1.11a)
)) (C:\Users\maria\AppData\Local\Programs\MiKTeX\tex/generic/pgf/basiclayer\pgfcore.code.tex
Package: pgfcore 2025-08-29 v3.1.11a (3.1.11a)
 (C:\Users\maria\AppData\Local\Programs\MiKTeX\tex/generic/pgf/math\pgfint.code.tex) (C:\Users\maria\AppData\Local\Programs\MiKTeX\tex/generic/pgf/basiclayer\pgfcorepoints.code.tex
File: pgfcorepoints.code.tex 2025-08-29 v3.1.11a (3.1.11a)
\pgf@picminx=\dimen348
\pgf@picmaxx=\dimen349
\pgf@picminy=\dimen350
\pgf@picmaxy=\dimen351
\pgf@pathminx=\dimen352
\pgf@pathmaxx=\dimen353
\pgf@pathminy=\dimen354
\pgf@pathmaxy=\dimen355
\pgf@xx=\dimen356
\pgf@xy=\dimen357
\pgf@yx=\dimen358
\pgf@yy=\dimen359
\pgf@zx=\dimen360
\pgf@zy=\dimen361
) (C:\Users\maria\AppData\Local\Programs\MiKTeX\tex/generic/pgf/basiclayer\pgfcorepathconstruct.code.tex
File: pgfcorepathconstruct.code.tex 2025-08-29 v3.1.11a (3.1.11a)
\pgf@path@lastx=\dimen362
\pgf@path@lasty=\dimen363
) (C:\Users\maria\AppData\Local\Programs\MiKTeX\tex/generic/pgf/basiclayer\pgfcorepathusage.code.tex
File: pgfcorepathusage.code.tex 2025-08-29 v3.1.11a (3.1.11a)
\pgf@shorten@end@additional=\dimen364
\pgf@shorten@start@additional=\dimen365
) (C:\Users\maria\AppData\Local\Programs\MiKTeX\tex/generic/pgf/basiclayer\pgfcorescopes.code.tex
File: pgfcorescopes.code.tex 2025-08-29 v3.1.11a (3.1.11a)
\pgfpic=\box75
\pgf@hbox=\box76
\pgf@layerbox@main=\box77
\pgf@picture@serial@count=\count410
) (C:\Users\maria\AppData\Local\Programs\MiKTeX\tex/generic/pgf/basiclayer\pgfcoregraphicstate.code.tex
File: pgfcoregraphicstate.code.tex 2025-08-29 v3.1.11a (3.1.11a)
\pgflinewidth=\dimen366
) (C:\Users\maria\AppData\Local\Programs\MiKTeX\tex/generic/pgf/basiclayer\pgfcoretransformations.code.tex
File: pgfcoretransformations.code.tex 2025-08-29 v3.1.11a (3.1.11a)
\pgf@pt@x=\dimen367
\pgf@pt@y=\dimen368
\pgf@pt@temp=\dimen369
) (C:\Users\maria\AppData\Local\Programs\MiKTeX\tex/generic/pgf/basiclayer\pgfcorequick.code.tex
File: pgfcorequick.code.tex 2025-08-29 v3.1.11a (3.1.11a)
) (C:\Users\maria\AppData\Local\Programs\MiKTeX\tex/generic/pgf/basiclayer\pgfcoreobjects.code.tex
File: pgfcoreobjects.code.tex 2025-08-29 v3.1.11a (3.1.11a)
) (C:\Users\maria\AppData\Local\Programs\MiKTeX\tex/generic/pgf/basiclayer\pgfcorepathprocessing.code.tex
File: pgfcorepathprocessing.code.tex 2025-08-29 v3.1.11a (3.1.11a)
) (C:\Users\maria\AppData\Local\Programs\MiKTeX\tex/generic/pgf/basiclayer\pgfcorearrows.code.tex
File: pgfcorearrows.code.tex 2025-08-29 v3.1.11a (3.1.11a)
\pgfarrowsep=\dimen370
) (C:\Users\maria\AppData\Local\Programs\MiKTeX\tex/generic/pgf/basiclayer\pgfcoreshade.code.tex
File: pgfcoreshade.code.tex 2025-08-29 v3.1.11a (3.1.11a)
\pgf@max=\dimen371
\pgf@sys@shading@range@num=\count411
\pgf@shadingcount=\count412
) (C:\Users\maria\AppData\Local\Programs\MiKTeX\tex/generic/pgf/basiclayer\pgfcoreimage.code.tex
File: pgfcoreimage.code.tex 2025-08-29 v3.1.11a (3.1.11a)
) (C:\Users\maria\AppData\Local\Programs\MiKTeX\tex/generic/pgf/basiclayer\pgfcoreexternal.code.tex
File: pgfcoreexternal.code.tex 2025-08-29 v3.1.11a (3.1.11a)
\pgfexternal@startupbox=\box78
) (C:\Users\maria\AppData\Local\Programs\MiKTeX\tex/generic/pgf/basiclayer\pgfcorelayers.code.tex
File: pgfcorelayers.code.tex 2025-08-29 v3.1.11a (3.1.11a)
) (C:\Users\maria\AppData\Local\Programs\MiKTeX\tex/generic/pgf/basiclayer\pgfcoretransparency.code.tex
File: pgfcoretransparency.code.tex 2025-08-29 v3.1.11a (3.1.11a)
) (C:\Users\maria\AppData\Local\Programs\MiKTeX\tex/generic/pgf/basiclayer\pgfcorepatterns.code.tex
File: pgfcorepatterns.code.tex 2025-08-29 v3.1.11a (3.1.11a)
) (C:\Users\maria\AppData\Local\Programs\MiKTeX\tex/generic/pgf/basiclayer\pgfcorerdf.code.tex
File: pgfcorerdf.code.tex 2025-08-29 v3.1.11a (3.1.11a)
))) (C:\Users\maria\AppData\Local\Programs\MiKTeX\tex/generic/pgf/modules\pgfmoduleshapes.code.tex
File: pgfmoduleshapes.code.tex 2025-08-29 v3.1.11a (3.1.11a)
\pgfnodeparttextbox=\box79
) (C:\Users\maria\AppData\Local\Programs\MiKTeX\tex/generic/pgf/modules\pgfmoduleplot.code.tex
File: pgfmoduleplot.code.tex 2025-08-29 v3.1.11a (3.1.11a)
) (C:\Users\maria\AppData\Local\Programs\MiKTeX\tex/latex/pgf/compatibility\pgfcomp-version-0-65.sty
Package: pgfcomp-version-0-65 2025-08-29 v3.1.11a (3.1.11a)
\pgf@nodesepstart=\dimen372
\pgf@nodesepend=\dimen373
) (C:\Users\maria\AppData\Local\Programs\MiKTeX\tex/latex/pgf/compatibility\pgfcomp-version-1-18.sty
Package: pgfcomp-version-1-18 2025-08-29 v3.1.11a (3.1.11a)
)) (C:\Users\maria\AppData\Local\Programs\MiKTeX\tex/generic/pgf/frontendlayer/tikz\tikz.code.tex
Package: tikz 2025-08-29 v3.1.11a (3.1.11a)
 (C:\Users\maria\AppData\Local\Programs\MiKTeX\tex/generic/pgf/libraries\pgflibraryplothandlers.code.tex
File: pgflibraryplothandlers.code.tex 2025-08-29 v3.1.11a (3.1.11a)
\pgf@plot@mark@count=\count413
\pgfplotmarksize=\dimen374
)
\tikz@lastx=\dimen375
\tikz@lasty=\dimen376
\tikz@lastxsaved=\dimen377
\tikz@lastysaved=\dimen378
\tikz@lastmovetox=\dimen379
\tikz@lastmovetoy=\dimen380
\tikzleveldistance=\dimen381
\tikzsiblingdistance=\dimen382
\tikz@figbox=\box80
\tikz@figbox@bg=\box81
\tikz@tempbox=\box82
\tikz@tempbox@bg=\box83
\tikztreelevel=\count414
\tikznumberofchildren=\count415
\tikznumberofcurrentchild=\count416
\tikz@fig@count=\count417
 (C:\Users\maria\AppData\Local\Programs\MiKTeX\tex/generic/pgf/modules\pgfmodulematrix.code.tex
File: pgfmodulematrix.code.tex 2025-08-29 v3.1.11a (3.1.11a)
\pgfmatrixcurrentrow=\count418
\pgfmatrixcurrentcolumn=\count419
\pgf@matrix@numberofcolumns=\count420
)
\tikz@expandcount=\count421
 (C:\Users\maria\AppData\Local\Programs\MiKTeX\tex/generic/pgf/frontendlayer/tikz/libraries\tikzlibrarytopaths.code.tex
File: tikzlibrarytopaths.code.tex 2025-08-29 v3.1.11a (3.1.11a)
))) (C:\Users\maria\AppData\Local\Programs\MiKTeX\tex/latex/tikz-cd\tikzlibrarycd.code.tex (C:\Users\maria\AppData\Local\Programs\MiKTeX\tex/generic/pgf/frontendlayer/tikz/libraries\tikzlibrarymatrix.code.tex
File: tikzlibrarymatrix.code.tex 2025-08-29 v3.1.11a (3.1.11a)
) (C:\Users\maria\AppData\Local\Programs\MiKTeX\tex/generic/pgf/frontendlayer/tikz/libraries\tikzlibraryquotes.code.tex
File: tikzlibraryquotes.code.tex 2025-08-29 v3.1.11a (3.1.11a)
) (C:\Users\maria\AppData\Local\Programs\MiKTeX\tex/generic/pgf/libraries\pgflibraryarrows.meta.code.tex
File: pgflibraryarrows.meta.code.tex 2025-08-29 v3.1.11a (3.1.11a)
\pgfarrowinset=\dimen383
\pgfarrowlength=\dimen384
\pgfarrowwidth=\dimen385
\pgfarrowlinewidth=\dimen386
))) (C:\Users\maria\AppData\Local\Programs\MiKTeX\tex/latex/caption\caption.sty
Package: caption 2023/08/05 v3.6o Customizing captions (AR)
 (C:\Users\maria\AppData\Local\Programs\MiKTeX\tex/latex/caption\caption3.sty
Package: caption3 2023/07/31 v2.4d caption3 kernel (AR)
\caption@tempdima=\dimen387
\captionmargin=\dimen388
\caption@leftmargin=\dimen389
\caption@rightmargin=\dimen390
\caption@width=\dimen391
\caption@indent=\dimen392
\caption@parindent=\dimen393
\caption@hangindent=\dimen394
Package caption Info: Standard document class detected.
)
\c@caption@flags=\count422
\c@continuedfloat=\count423
Package caption Info: hyperref package is loaded.
Package caption Info: longtable package is loaded.
 (C:\Users\maria\AppData\Local\Programs\MiKTeX\tex/latex/caption\ltcaption.sty
Package: ltcaption 2021/01/08 v1.4c longtable captions (AR)
)
Package caption Info: supertabular package is loaded.
) (C:\Users\maria\AppData\Local\Programs\MiKTeX\tex/latex/caption\subcaption.sty
Package: subcaption 2023/07/28 v1.6b Sub-captions (AR)
Package caption Info: New subtype `subfigure' on input line 238.
\c@subfigure=\count424
Package caption Info: New subtype `subtable' on input line 238.
\c@subtable=\count425
) (C:\Users\maria\AppData\Local\Programs\MiKTeX\tex/latex/float\float.sty
Package: float 2001/11/08 v1.3d Float enhancements (AL)
\c@float@type=\count426
\float@exts=\toks72
\float@box=\box84
\@float@everytoks=\toks73
\@floatcapt=\box85
) (C:\Users\maria\AppData\Local\Programs\MiKTeX\tex/generic/pgf/frontendlayer/tikz/libraries\tikzlibrarycalc.code.tex
File: tikzlibrarycalc.code.tex 2025-08-29 v3.1.11a (3.1.11a)
) (C:\Users\maria\AppData\Local\Programs\MiKTeX\tex/latex/fancyhdr\fancyhdr.sty
Package: fancyhdr 2025/02/07 v5.2 Extensive control of page headers and footers
\f@nch@headwidth=\skip80
\f@nch@offset@elh=\skip81
\f@nch@offset@erh=\skip82
\f@nch@offset@olh=\skip83
\f@nch@offset@orh=\skip84
\f@nch@offset@elf=\skip85
\f@nch@offset@erf=\skip86
\f@nch@offset@olf=\skip87
\f@nch@offset@orf=\skip88
\f@nch@height=\skip89
\f@nch@footalignment=\skip90
\f@nch@widthL=\skip91
\f@nch@widthC=\skip92
\f@nch@widthR=\skip93
\@temptokenb=\toks74
) (C:\Users\maria\AppData\Local\Programs\MiKTeX\tex/latex/pdfpages\pdfpages.sty
Package: pdfpages 2025/07/23 v0.6g Insert pages of external PDF documents (AM)
 (C:\Users\maria\AppData\Local\Programs\MiKTeX\tex/latex/tools\calc.sty
Package: calc 2025/03/01 v4.3b Infix arithmetic (KKT,FJ)
\calc@Acount=\count427
\calc@Bcount=\count428
\calc@Adimen=\dimen395
\calc@Bdimen=\dimen396
\calc@Askip=\skip94
\calc@Bskip=\skip95
LaTeX Info: Redefining \setlength on input line 86.
LaTeX Info: Redefining \addtolength on input line 87.
\calc@Ccount=\count429
\calc@Cskip=\skip96
) (C:\Users\maria\AppData\Local\Programs\MiKTeX\tex/latex/eso-pic\eso-pic.sty
Package: eso-pic 2025/12/10 v3.0d eso-pic (RN)
\ESO@tempdima=\dimen397
\ESO@tempdimb=\dimen398
)
\AM@pagewidth=\dimen399
\AM@pageheight=\dimen400
\AM@fboxrule=\dimen401
 (C:\Users\maria\AppData\Local\Programs\MiKTeX\tex/latex/pdfpages\pppdftex.def
File: pppdftex.def 2025/07/23 v0.6g Pdfpages driver for pdfTeX (AM)
)
\pdfpages@includegraphics@status=\count430
\AM@pagebox=\box86
\AM@global@opts=\toks75
\AM@pagecnt=\count431
\AM@toc@title=\toks76
\AM@lof@heading=\toks77
\c@AM@survey=\count432
\AM@templatesizebox=\box87
) (C:\Users\maria\AppData\Local\Programs\MiKTeX\tex/generic/pgf/frontendlayer/tikz/libraries\tikzlibraryarrows.code.tex
File: tikzlibraryarrows.code.tex 2025-08-29 v3.1.11a (3.1.11a)
 (C:\Users\maria\AppData\Local\Programs\MiKTeX\tex/generic/pgf/libraries\pgflibraryarrows.code.tex
File: pgflibraryarrows.code.tex 2025-08-29 v3.1.11a (3.1.11a)
\arrowsize=\dimen402
)) (C:\Users\maria\AppData\Local\Programs\MiKTeX\tex/latex/tools\indentfirst.sty
Package: indentfirst 2023/07/02 v1.03 Indent first paragraph (DPC)
) (C:\Users\maria\AppData\Local\Programs\MiKTeX\tex/latex/comment\comment.sty
\CommentStream=\write5
 Excluding comment 'comment') (C:\Users\maria\AppData\Local\Programs\MiKTeX\tex/latex/tools\multicol.sty
Package: multicol 2025/10/21 v2.0b multicolumn formatting (FMi)
\c@tracingmulticols=\count433
\mult@box=\box88
\multicol@leftmargin=\dimen403
\c@unbalance=\count434
\c@collectmore=\count435
\doublecol@number=\count436
\multicoltolerance=\count437
\multicolpretolerance=\count438
\full@width=\dimen404
\page@free=\dimen405
\premulticols=\dimen406
\postmulticols=\dimen407
\multicolsep=\skip97
\multicolbaselineskip=\skip98
\partial@page=\box89
\last@line=\box90
\mc@boxedresult=\box91
\maxbalancingoverflow=\dimen408
\mult@rightbox=\box92
\mult@grightbox=\box93
\mult@firstbox=\box94
\mult@gfirstbox=\box95
\@tempa=\box96
\@tempa=\box97
\@tempa=\box98
\@tempa=\box99
\@tempa=\box100
\@tempa=\box101
\@tempa=\box102
\@tempa=\box103
\@tempa=\box104
\@tempa=\box105
\@tempa=\box106
\@tempa=\box107
\@tempa=\box108
\@tempa=\box109
\@tempa=\box110
\@tempa=\box111
\@tempa=\box112
\@tempa=\box113
\@tempa=\box114
\@tempa=\box115
\@tempa=\box116
\@tempa=\box117
\@tempa=\box118
\@tempa=\box119
\@tempa=\box120
\@tempa=\box121
\@tempa=\box122
\@tempa=\box123
\@tempa=\box124
\@tempa=\box125
\@tempa=\box126
\@tempa=\box127
\@tempa=\box128
\@tempa=\box129
\@tempa=\box130
\@tempa=\box131
\c@minrows=\count439
\c@columnbadness=\count440
\c@finalcolumnbadness=\count441
\last@try=\dimen409
\multicolovershoot=\dimen410
\multicolundershoot=\dimen411
\mult@nat@firstbox=\box132
\colbreak@box=\box133
\mc@col@check@num=\count442
\g__mc_curr_col_int=\count443
) (C:\Users\maria\AppData\Local\Programs\MiKTeX\tex/latex/wrapfig\wrapfig.sty
\wrapoverhang=\dimen412
\WF@size=\dimen413
\c@WF@wrappedlines=\count444
\WF@box=\box134
\WF@everypar=\toks78
Package: wrapfig 2003/01/31  v 3.6
) (C:\Users\maria\AppData\Local\Programs\MiKTeX\tex/generic/soul\soul.sty
Package: soul 2023-06-14 v3.1 Permit use of UTF-8 characters in soul (HO)
 (C:\Users\maria\AppData\Local\Programs\MiKTeX\tex/generic/soul\soul-ori.sty
Package: soul-ori 2023-06-14 v3.1 letterspacing/underlining (mf)
\SOUL@word=\toks79
\SOUL@lasttoken=\toks80
\SOUL@syllable=\toks81
\SOUL@cmds=\toks82
\SOUL@buffer=\toks83
\SOUL@token=\toks84
\SOUL@syllgoal=\dimen414
\SOUL@syllwidth=\dimen415
\SOUL@charkern=\dimen416
\SOUL@hyphkern=\dimen417
\SOUL@dimen=\dimen418
\SOUL@dimeni=\dimen419
\SOUL@minus=\count445
\SOUL@comma=\count446
\SOUL@apo=\count447
\SOUL@grave=\count448
\SOUL@spaceskip=\skip99
\SOUL@ttwidth=\dimen420
\SOUL@uldp=\dimen421
\SOUL@ulht=\dimen422
) (C:\Users\maria\AppData\Local\Programs\MiKTeX\tex/generic/etexcmds\etexcmds.sty
Package: etexcmds 2019/12/15 v1.7 Avoid name clashes with e-TeX commands (HO)
)) (C:\Users\maria\AppData\Local\Programs\MiKTeX\tex/latex/todonotes\todonotes.sty
Package: todonotes 2024/01/05 v1.1.7 Todonotes source and documentation.
Package: todonotes 2024/01/05
 (C:\Users\maria\AppData\Local\Programs\MiKTeX\tex/generic/pgf/frontendlayer/tikz/libraries\tikzlibrarypositioning.code.tex
File: tikzlibrarypositioning.code.tex 2025-08-29 v3.1.11a (3.1.11a)
)
\c@@todonotes@numberoftodonotes=\count449
) (C:\Users\maria\AppData\Local\Programs\MiKTeX\tex/latex/algorithms\algorithm.sty
Package: algorithm 2009/08/24 v0.1 Document Style `algorithm' - floating environment
\@float@every@algorithm=\toks85
\c@algorithm=\count450
) (C:\Users\maria\AppData\Local\Programs\MiKTeX\tex/latex/algorithmicx\algpseudocode.sty
Package: algpseudocode 
 (C:\Users\maria\AppData\Local\Programs\MiKTeX\tex/latex/algorithmicx\algorithmicx.sty
Package: algorithmicx 2005/04/27 v1.2 Algorithmicx

Document Style algorithmicx 1.2 - a greatly improved `algorithmic' style
\c@ALG@line=\count451
\c@ALG@rem=\count452
\c@ALG@nested=\count453
\ALG@tlm=\skip100
\ALG@thistlm=\skip101
\c@ALG@Lnr=\count454
\c@ALG@blocknr=\count455
\c@ALG@storecount=\count456
\c@ALG@tmpcounter=\count457
\ALG@tmplength=\skip102
)
Document Style - pseudocode environments for use with the `algorithmicx' style
) (C:\Users\maria\AppData\Local\Programs\MiKTeX\tex/latex/booktabs\booktabs.sty
Package: booktabs 2020/01/12 v1.61803398 Publication quality tables
\heavyrulewidth=\dimen423
\lightrulewidth=\dimen424
\cmidrulewidth=\dimen425
\belowrulesep=\dimen426
\belowbottomsep=\dimen427
\aboverulesep=\dimen428
\abovetopsep=\dimen429
\cmidrulesep=\dimen430
\cmidrulekern=\dimen431
\defaultaddspace=\dimen432
\@cmidla=\count458
\@cmidlb=\count459
\@aboverulesep=\dimen433
\@belowrulesep=\dimen434
\@thisruleclass=\count460
\@lastruleclass=\count461
\@thisrulewidth=\dimen435
)
Package hyperref Info: Option `colorlinks' set `true' on input line 45.
) (Preambulo/Configurações.tex Excluding 'comment' comment.) (Preambulo/Teoremas.tex
\c@teo=\count462
\c@lema=\count463
\c@prop=\count464
\c@coro=\count465
\c@afirm=\count466
\c@df=\count467
\c@ex=\count468
\c@prova=\count469
) (Preambulo/Comandos.tex) (C:\Users\maria\AppData\Local\Programs\MiKTeX\tex/latex/l3backend\l3backend-pdftex.def
File: l3backend-pdftex.def 2025-10-09 L3 backend support: PDF output (pdfTeX)
\l__color_backend_stack_int=\count470
) (f:\Users\Enzo HD\Github\Repos\ACML\Numerical_Paradigms-Research\academic_writing\books\num_met_with_functional_programming\build\nummet_with_functional_programming.aux
Package babel Info: 'brazil' activates 'portuges' shorthands.
(babel)             Reported on input line 12.
 (f:\Users\Enzo HD\Github\Repos\ACML\Numerical_Paradigms-Research\academic_writing\books\num_met_with_functional_programming\build\Preliminar/Agradecimentos.aux) (f:\Users\Enzo HD\Github\Repos\ACML\Numerical_Paradigms-Research\academic_writing\books\num_met_with_functional_programming\build\Preliminar/Resumo.aux) (f:\Users\Enzo HD\Github\Repos\ACML\Numerical_Paradigms-Research\academic_writing\books\num_met_with_functional_programming\build\Preliminar/Abstract.aux) (f:\Users\Enzo HD\Github\Repos\ACML\Numerical_Paradigms-Research\academic_writing\books\num_met_with_functional_programming\build\Preliminar/Introdução.aux) (f:\Users\Enzo HD\Github\Repos\ACML\Numerical_Paradigms-Research\academic_writing\books\num_met_with_functional_programming\build\Capitulos/FloatingPoints.aux) (f:\Users\Enzo HD\Github\Repos\ACML\Numerical_Paradigms-Research\academic_writing\books\num_met_with_functional_programming\build\Capitulos/IterMet.aux) (f:\Users\Enzo HD\Github\Repos\ACML\Numerical_Paradigms-Research\academic_writing\books\num_met_with_functional_programming\build\Capitulos/PvisEdo.aux) (f:\Users\Enzo HD\Github\Repos\ACML\Numerical_Paradigms-Research\academic_writing\books\num_met_with_functional_programming\build\Capitulos/CompParadig.aux))
\openout1 = `nummet_with_functional_programming.aux'.

LaTeX Font Info:    Checking defaults for OML/cmm/m/it on input line 23.
LaTeX Font Info:    ... okay on input line 23.
LaTeX Font Info:    Checking defaults for OMS/cmsy/m/n on input line 23.
LaTeX Font Info:    ... okay on input line 23.
LaTeX Font Info:    Checking defaults for OT1/cmr/m/n on input line 23.
LaTeX Font Info:    ... okay on input line 23.
LaTeX Font Info:    Checking defaults for T1/cmr/m/n on input line 23.
LaTeX Font Info:    ... okay on input line 23.
LaTeX Font Info:    Checking defaults for TS1/cmr/m/n on input line 23.
LaTeX Font Info:    ... okay on input line 23.
LaTeX Font Info:    Checking defaults for OMX/cmex/m/n on input line 23.
LaTeX Font Info:    ... okay on input line 23.
LaTeX Font Info:    Checking defaults for U/cmr/m/n on input line 23.
LaTeX Font Info:    ... okay on input line 23.
LaTeX Font Info:    Checking defaults for PD1/pdf/m/n on input line 23.
LaTeX Font Info:    ... okay on input line 23.
LaTeX Font Info:    Checking defaults for PU/pdf/m/n on input line 23.
LaTeX Font Info:    ... okay on input line 23.
 (C:\Users\maria\AppData\Local\Programs\MiKTeX\tex/context/base/mkii\supp-pdf.mkii
[Loading MPS to PDF converter (version 2006.09.02).]
\scratchcounter=\count471
\scratchdimen=\dimen436
\scratchbox=\box135
\nofMPsegments=\count472
\nofMParguments=\count473
\everyMPshowfont=\toks86
\MPscratchCnt=\count474
\MPscratchDim=\dimen437
\MPnumerator=\count475
\makeMPintoPDFobject=\count476
\everyMPtoPDFconversion=\toks87
) (C:\Users\maria\AppData\Local\Programs\MiKTeX\tex/latex/epstopdf-pkg\epstopdf-base.sty
Package: epstopdf-base 2020-01-24 v2.11 Base part for package epstopdf
Package epstopdf-base Info: Redefining graphics rule for `.eps' on input line 485.
 (C:\Users\maria\AppData\Local\Programs\MiKTeX\tex/latex/00miktex\epstopdf-sys.cfg
File: epstopdf-sys.cfg 2021/03/18 v2.0 Configuration of epstopdf for MiKTeX
))
*geometry* driver: auto-detecting
*geometry* detected driver: pdftex
*geometry* verbose mode - [ preamble ] result:
* driver: pdftex
* paper: a4paper
* layout: <same size as paper>
* layoutoffset:(h,v)=(0.0pt,0.0pt)
* vratio: 1:1
* modes: 
* h-part:(L,W,R)=(113.81102pt, 412.56497pt, 71.13188pt)
* v-part:(T,H,B)=(99.58464pt, 674.33032pt, 71.13188pt)
* \paperwidth=597.50787pt
* \paperheight=845.04684pt
* \textwidth=455.24408pt
* \textheight=702.78297pt
* \oddsidemargin=14.22636pt
* \evensidemargin=0.0pt
* \topmargin=-17.07182pt
* \headheight=5.69046pt
* \headsep=22.76228pt
* \topskip=12.0pt
* \footskip=28.45274pt
* \marginparwidth=38.0pt
* \marginparsep=7.0pt
* \columnsep=10.0pt
* \skip\footins=10.8pt plus 4.0pt minus 2.0pt
* \hoffset=0.0pt
* \voffset=0.0pt
* \mag=1000
* \@twocolumnfalse
* \@twosidefalse
* \@mparswitchfalse
* \@reversemarginfalse
* (1in=72.27pt=25.4mm, 1cm=28.453pt)

Package hyperref Info: Link coloring ON on input line 23.
(f:\Users\Enzo HD\Github\Repos\ACML\Numerical_Paradigms-Research\academic_writing\books\num_met_with_functional_programming\build\nummet_with_functional_programming.out) (f:\Users\Enzo HD\Github\Repos\ACML\Numerical_Paradigms-Research\academic_writing\books\num_met_with_functional_programming\build\nummet_with_functional_programming.out)
\@outlinefile=\write6
\openout6 = `nummet_with_functional_programming.out'.

LaTeX Font Info:    Trying to load font information for U+msa on input line 23.
 (C:\Users\maria\AppData\Local\Programs\MiKTeX\tex/latex/amsfonts\umsa.fd
File: umsa.fd 2013/01/14 v3.01 AMS symbols A
)
LaTeX Font Info:    Trying to load font information for U+msb on input line 23.
 (C:\Users\maria\AppData\Local\Programs\MiKTeX\tex/latex/amsfonts\umsb.fd
File: umsb.fd 2013/01/14 v3.01 AMS symbols B
)
LaTeX Font Info:    Trying to load font information for U+rsfs on input line 23.
 (C:\Users\maria\AppData\Local\Programs\MiKTeX\tex/latex/jknappen\ursfs.fd
File: ursfs.fd 1998/03/24 rsfs font definition file (jk)
)
Package xypdf Info: Line width: 0.47998pt on input line 23.
Package caption Info: Begin \AtBeginDocument code.
Package caption Info: float package is loaded.
Package caption Info: wrapfig package is loaded.
Package caption Info: End \AtBeginDocument code.
 (C:\Users\maria\AppData\Local\Programs\MiKTeX\tex/latex/pdflscape\pdflscape.sty
Package: pdflscape 2022-10-27 v0.13 Display of landscape pages in PDF
 (C:\Users\maria\AppData\Local\Programs\MiKTeX\tex/latex/pdflscape\pdflscape-nometadata.sty
Package: pdflscape-nometadata 2022-10-28 v0.13 Display of landscape pages in PDF (HO)
 (C:\Users\maria\AppData\Local\Programs\MiKTeX\tex/latex/graphics\lscape.sty
Package: lscape 2020/05/28 v3.02 Landscape Pages (DPC)
)
Package pdflscape Info: Auto-detected driver: pdftex on input line 81.
))

Package todonotes Warning: The length marginparwidth is less than 2cm and will most likely cause issues with the appearance of inserted todonotes. The issue can be solved by adding a line like \setlength {\marginparwidth }{2cm} prior to loading the todonotes package. on input line 23.

<libs/cefetmg.png, id=170, 1192.455pt x 1192.455pt>
File: libs/cefetmg.png Graphic file (type png)
<use libs/cefetmg.png>
Package pdftex.def Info: libs/cefetmg.png  used on input line 43.
(pdftex.def)             Requested size: 119.25249pt x 119.25249pt.
[1
Non-PDF special ignored!
<special> header=pstricks.pro
Non-PDF special ignored!
<special> header=pst-algparser.pro
Non-PDF special ignored!
<special> header=pst-tools.pro
Non-PDF special ignored!
<special> header=pst-dots.pro
Non-PDF special ignored!
<special> header=pst-node.pro

Non-PDF special ignored!
<special> ps: /pssetRGBcolor /setrgbcolor load def /pssetCMYKcolor /setcmyk...
Non-PDF special ignored!
<special> ps:tx@Dict begin  gsave STV CP T /ps@rot 0 def grestore  end
Non-PDF special ignored!
<special> ps:tx@Dict begin  gsave STV CP T /ps@refangle 0.  def grestore  e...
Non-PDF special ignored!
<special> ps:tx@Dict begin  gsave STV CP T /ps@rot 0 def grestore  end

{C:/Users/maria/AppData/Local/MiKTeX/fonts/map/pdftex/pdftex.map} <./libs/cefetmg.png>]
Package hyperref Info: Option `breaklinks' set `true' on input line 43.
Package hyperref Info: Option `raiselinks' set `true' on input line 43.
Package hyperref Info: Option `pageanchor' set `true' on input line 43.
File: libs/cefetmg.png Graphic file (type png)
<use libs/cefetmg.png>
Package pdftex.def Info: libs/cefetmg.png  used on input line 43.
(pdftex.def)             Requested size: 119.25249pt x 119.25249pt.

Underfull \hbox (badness 1661) in paragraph at lines 43--43
\OT1/cmr/m/n/12 da Universidade Federal Rural do Rio de
 []


Underfull \hbox (badness 5050) in paragraph at lines 43--43
\OT1/cmr/m/n/12 Janeiro, como parte dos requisitos para
 []


Underfull \hbox (badness 10000) in paragraph at lines 43--43

 []

[1

]
Underfull \hbox (badness 10000) in paragraph at lines 44--44
\OT1/cmr/m/n/12 e de-fen-dida por NOME SO-BRE-NOME,
 []


Underfull \hbox (badness 10000) in paragraph at lines 44--44
\OT1/cmr/m/n/12 matr^^S^^Pcula 2022019000-0, foi apro-vada pela
 []

[2

]
\openout2 = `Preliminar/Agradecimentos.aux'.

 (Preliminar/Agradecimentos.tex) [1



]
\openout2 = `Preliminar/Resumo.aux'.

 (Preliminar/Resumo.tex)
pdfTeX warning (ext4): destination with the same identifier (name{page.}) has been already used, duplicate ignored
<to be read again> 
                   \relax 
l.46 \include{Preliminar/Resumo}
                                 [1




]
\openout2 = `Preliminar/Abstract.aux'.

 (Preliminar/Abstract.tex)
pdfTeX warning (ext4): destination with the same identifier (name{page.}) has been already used, duplicate ignored
<to be read again> 
                   \relax 
l.47 \include{Preliminar/Abstract}
                                   [1




] (f:\Users\Enzo HD\Github\Repos\ACML\Numerical_Paradigms-Research\academic_writing\books\num_met_with_functional_programming\build\nummet_with_functional_programming.toc
pdfTeX warning (ext4): destination with the same identifier (name{page.}) has been already used, duplicate ignored
<to be read again> 
                   \relax 
l.30 ...em de Convergência}{30}{subsection.3.4.4}
                                                  % [2



])
\tf@toc=\write7
\openout7 = `nummet_with_functional_programming.toc'.


pdfTeX warning (ext4): destination with the same identifier (name{page.i}) has been already used, duplicate ignored
<to be read again> 
                   \relax 
l.52 \mainmatter
                 [1]
\openout2 = `Preliminar/Introdução.aux'.

 (Preliminar/Introdução.tex
Cap\'{\i }tulo 1.
) [1



]
\openout2 = `Capitulos/FloatingPoints.aux'.

 (Capitulos/FloatingPoints.tex
Cap\'{\i }tulo 2.
[2




] [3]
Underfull \hbox (badness 1675) in paragraph at lines 91--96
[]\OT1/cmr/m/n/12 Em m^^Saquinas que ope-ram em sis-te-mas de ponto flu-tu-ante, ape-nas um
 []


Underfull \hbox (badness 2020) in paragraph at lines 91--96
\OT1/cmr/m/n/12 sub-con-junto \OT1/cmr/bx/n/12 fi-nito \OT1/cmr/m/n/12 de $\U/msb/m/n/12 R$ \OT1/cmr/m/n/12 pode ser re-pre-sen-tado de ma-neira exata. Por isso,
 []

[4] [5] [6] [7] [8] [9] [10] [11] [12] [13]
Underfull \hbox (badness 4595) in paragraph at lines 533--539
[]\OT1/cmr/m/n/12 Utilizando uma cal-cu-la-dora para achar uma apro-xima^^Xc~ao do n^^Sumero,
 []

[14]
<Imagens/ulps/ulp2.png, id=352, 671.3883pt x 304.9794pt>
File: Imagens/ulps/ulp2.png Graphic file (type png)
<use Imagens/ulps/ulp2.png>
Package pdftex.def Info: Imagens/ulps/ulp2.png  used on input line 570.
(pdftex.def)             Requested size: 409.71689pt x 186.11627pt.
 [15 <./Imagens/ulps/ulp2.png>]
<Imagens/casosPeculiaresFP/catastrofic_cancelation.png, id=361, 1572.87625pt x 451.6875pt>
File: Imagens/casosPeculiaresFP/catastrofic_cancelation.png Graphic file (type png)
<use Imagens/casosPeculiaresFP/catastrofic_cancelation.png>
Package pdftex.def Info: Imagens/casosPeculiaresFP/catastrofic_cancelation.png  used on input line 588.
(pdftex.def)             Requested size: 455.24408pt x 130.731pt.
<Imagens/casosPeculiaresFP/zoom.png, id=362, 1572.87625pt x 451.6875pt>
File: Imagens/casosPeculiaresFP/zoom.png Graphic file (type png)
<use Imagens/casosPeculiaresFP/zoom.png>
Package pdftex.def Info: Imagens/casosPeculiaresFP/zoom.png  used on input line 594.
(pdftex.def)             Requested size: 455.24408pt x 130.731pt.
<Imagens/casosPeculiaresFP/literal79.png, id=363, 1512.65125pt x 451.6875pt>
File: Imagens/casosPeculiaresFP/literal79.png Graphic file (type png)
<use Imagens/casosPeculiaresFP/literal79.png>
Package pdftex.def Info: Imagens/casosPeculiaresFP/literal79.png  used on input line 605.
(pdftex.def)             Requested size: 455.24408pt x 135.9346pt.


LaTeX Warning: `h' float specifier changed to `ht'.


Underfull \hbox (badness 1297) in paragraph at lines 610--616
[]\OT1/cmr/m/n/12 Na fi-gura [][]2.4[][]. ^^Se poss^^S^^Pvel ob-ser-var que a fun^^Xc~ao as-sume mais de dois
 []

<Imagens/casosPeculiaresFP/32x64_full.png, id=365, 1512.65125pt x 451.6875pt>
File: Imagens/casosPeculiaresFP/32x64_full.png Graphic file (type png)
<use Imagens/casosPeculiaresFP/32x64_full.png>
Package pdftex.def Info: Imagens/casosPeculiaresFP/32x64_full.png  used on input line 622.
(pdftex.def)             Requested size: 455.24408pt x 135.9346pt.
<Imagens/casosPeculiaresFP/32x64.png, id=366, 1512.65125pt x 451.6875pt>
File: Imagens/casosPeculiaresFP/32x64.png Graphic file (type png)
<use Imagens/casosPeculiaresFP/32x64.png>
Package pdftex.def Info: Imagens/casosPeculiaresFP/32x64.png  used on input line 628.
(pdftex.def)             Requested size: 455.24408pt x 135.9346pt.
[16 <./Imagens/casosPeculiaresFP/catastrofic_cancelation.png> <./Imagens/casosPeculiaresFP/zoom.png>]
<Imagens/casosPeculiaresFP/timesXpot_literal0.png, id=378, 1512.65125pt x 451.6875pt>
File: Imagens/casosPeculiaresFP/timesXpot_literal0.png Graphic file (type png)
<use Imagens/casosPeculiaresFP/timesXpot_literal0.png>
Package pdftex.def Info: Imagens/casosPeculiaresFP/timesXpot_literal0.png  used on input line 639.
(pdftex.def)             Requested size: 455.24408pt x 135.9346pt.
<Imagens/casosPeculiaresFP/timesXpot_literal0_1.png, id=379, 1512.65125pt x 451.6875pt>
File: Imagens/casosPeculiaresFP/timesXpot_literal0_1.png Graphic file (type png)
<use Imagens/casosPeculiaresFP/timesXpot_literal0_1.png>
Package pdftex.def Info: Imagens/casosPeculiaresFP/timesXpot_literal0_1.png  used on input line 645.
(pdftex.def)             Requested size: 455.24408pt x 135.9346pt.
 [17 <./Imagens/casosPeculiaresFP/literal79.png> <./Imagens/casosPeculiaresFP/32x64_full.png> <./Imagens/casosPeculiaresFP/32x64.png>]
<Imagens/casosPeculiaresFP/NumError2_mplt.pdf, id=392, 644.9435pt x 307.49416pt>
File: Imagens/casosPeculiaresFP/NumError2_mplt.pdf Graphic file (type pdf)
<use Imagens/casosPeculiaresFP/NumError2_mplt.pdf>
Package pdftex.def Info: Imagens/casosPeculiaresFP/NumError2_mplt.pdf  used on input line 659.
(pdftex.def)             Requested size: 455.24408pt x 217.05084pt.
 [18 <./Imagens/casosPeculiaresFP/timesXpot_literal0.png> <./Imagens/casosPeculiaresFP/timesXpot_literal0_1.png>]) [19 <./Imagens/casosPeculiaresFP/NumError2_mplt.pdf>]
\openout2 = `Capitulos/IterMet.aux'.

 (Capitulos/IterMet.tex
Cap\'{\i }tulo 3.
[20




]
<Imagens/fixedPoint/corolárioValorIntermed.png, id=419, 539.76656pt x 492.33937pt>
File: Imagens/fixedPoint/corolárioValorIntermed.png Graphic file (type png)
<use Imagens/fixedPoint/corolárioValorIntermed.png>
Package pdftex.def Info: Imagens/fixedPoint/corolárioValorIntermed.png  used on input line 42.
(pdftex.def)             Requested size: 249.54753pt x 227.62204pt.
 [21 <./Imagens/fixedPoint/corolárioValorIntermed.png>]
<Imagens/fixedPoint/interseções.png, id=427, 652.68843pt x 492.33937pt>
File: Imagens/fixedPoint/interseções.png Graphic file (type png)
<use Imagens/fixedPoint/interseções.png>
Package pdftex.def Info: Imagens/fixedPoint/interseções.png  used on input line 58.
(pdftex.def)             Requested size: 301.75412pt x 227.62204pt.
Package hyperref Info: bookmark level for unknown todo defaults to 0 on input line 64.
 [22 <./Imagens/fixedPoint/interseções.png>] Excluding 'comment' comment. [23]
Underfull \hbox (badness 10000) in paragraph at lines 162--164

 []

[24] [25] Excluding 'comment' comment. [26]
Package hyperref Info: bookmark level for unknown algorithm defaults to 0 on input line 272.
 [27] [28] [29] [30] [31]
Underfull \hbox (badness 10000) in paragraph at lines 459--459
[]\OT1/cmr/bx/n/14.4 Implementa^^Xc~oes do M^^Setodo de Newton-Raphson
 []

[32]
<Imagens/pitfalls/01/x_10-1.png, id=533, 1204.5pt x 853.1875pt>
File: Imagens/pitfalls/01/x_10-1.png Graphic file (type png)
<use Imagens/pitfalls/01/x_10-1.png>
Package pdftex.def Info: Imagens/pitfalls/01/x_10-1.png  used on input line 520.
(pdftex.def)             Requested size: 455.24408pt x 322.47012pt.
<Imagens/pitfalls/01/err_x_10-1.png, id=534, 803.0pt x 501.875pt>
File: Imagens/pitfalls/01/err_x_10-1.png Graphic file (type png)
<use Imagens/pitfalls/01/err_x_10-1.png>
Package pdftex.def Info: Imagens/pitfalls/01/err_x_10-1.png  used on input line 521.
(pdftex.def)             Requested size: 455.24408pt x 284.53246pt.
 [33] [34 <./Imagens/pitfalls/01/x_10-1.png> <./Imagens/pitfalls/01/err_x_10-1.png>]
Overfull \hbox (14.4302pt too wide) in paragraph at lines 532--554
 [] 
 []

<Imagens/pitfalls/02/max_min.png, id=549, 1204.5pt x 853.1875pt>
File: Imagens/pitfalls/02/max_min.png Graphic file (type png)
<use Imagens/pitfalls/02/max_min.png>
Package pdftex.def Info: Imagens/pitfalls/02/max_min.png  used on input line 564.
(pdftex.def)             Requested size: 455.24408pt x 322.47012pt.
<Imagens/pitfalls/02/err_max_min.png, id=550, 803.0pt x 501.875pt>
File: Imagens/pitfalls/02/err_max_min.png Graphic file (type png)
<use Imagens/pitfalls/02/err_max_min.png>
Package pdftex.def Info: Imagens/pitfalls/02/err_max_min.png  used on input line 565.
(pdftex.def)             Requested size: 455.24408pt x 284.53246pt.
[35]
Overfull \hbox (8.9552pt too wide) in paragraph at lines 572--600
 [] 
 []

[36 <./Imagens/pitfalls/02/max_min.png> <./Imagens/pitfalls/02/err_max_min.png>]
<Imagens/pitfalls/03/x3_2x_2_10.png, id=564, 1204.5pt x 853.1875pt>
File: Imagens/pitfalls/03/x3_2x_2_10.png Graphic file (type png)
<use Imagens/pitfalls/03/x3_2x_2_10.png>
Package pdftex.def Info: Imagens/pitfalls/03/x3_2x_2_10.png  used on input line 607.
(pdftex.def)             Requested size: 455.24408pt x 322.47012pt.
<Imagens/pitfalls/03/err_x3_2x_2_10.png, id=565, 803.0pt x 501.875pt>
File: Imagens/pitfalls/03/err_x3_2x_2_10.png Graphic file (type png)
<use Imagens/pitfalls/03/err_x3_2x_2_10.png>
Package pdftex.def Info: Imagens/pitfalls/03/err_x3_2x_2_10.png  used on input line 608.
(pdftex.def)             Requested size: 455.24408pt x 284.53246pt.
 [37] [38 <./Imagens/pitfalls/03/x3_2x_2_10.png> <./Imagens/pitfalls/03/err_x3_2x_2_10.png>]
<Imagens/pitfalls/04/arctg.png, id=577, 1204.5pt x 853.1875pt>
File: Imagens/pitfalls/04/arctg.png Graphic file (type png)
<use Imagens/pitfalls/04/arctg.png>
Package pdftex.def Info: Imagens/pitfalls/04/arctg.png  used on input line 648.
(pdftex.def)             Requested size: 455.24408pt x 322.47012pt.
<Imagens/pitfalls/04/err_arctg.png, id=578, 803.0pt x 501.875pt>
File: Imagens/pitfalls/04/err_arctg.png Graphic file (type png)
<use Imagens/pitfalls/04/err_arctg.png>
Package pdftex.def Info: Imagens/pitfalls/04/err_arctg.png  used on input line 649.
(pdftex.def)             Requested size: 455.24408pt x 284.53246pt.
 [39] [40 <./Imagens/pitfalls/04/arctg.png> <./Imagens/pitfalls/04/err_arctg.png>]
Overfull \hbox (11.99689pt too wide) in paragraph at lines 657--673
 [] 
 []

<Imagens/pitfalls/06/slope_near_zero.png, id=591, 1204.5pt x 853.1875pt>
File: Imagens/pitfalls/06/slope_near_zero.png Graphic file (type png)
<use Imagens/pitfalls/06/slope_near_zero.png>
Package pdftex.def Info: Imagens/pitfalls/06/slope_near_zero.png  used on input line 682.
(pdftex.def)             Requested size: 455.24408pt x 322.47012pt.
[41 <./Imagens/pitfalls/06/slope_near_zero.png>]
Underfull \hbox (badness 1158) in paragraph at lines 709--710
\OT1/cmr/m/n/12 Em re-sumo, para evi-tar os pro-ble-mas apre-sen-ta-dos | como con-verg^encia lenta,
 []

Excluding 'comment' comment. [42] [43] [44] [45]
Underfull \hbox (badness 2020) in paragraph at lines 896--898
[]\OT1/cmr/m/n/12 Vamos es-co-lher um chute ini-cial $(\OML/cmm/m/it/12 x[]; y[]\OT1/cmr/m/n/12 ) = (2\OML/cmm/m/it/12 ; \OT1/cmr/m/n/12 1)$ e apli-car o m^^Setodo
 []


Underfull \hbox (badness 1558) in paragraph at lines 913--921
\OT1/cmr/m/n/12 (1\OML/cmm/m/it/12 :\OT1/cmr/m/n/12 2679491924311228\OML/cmm/m/it/12 ; \OT1/cmr/m/n/12 0\OML/cmm/m/it/12 :\OT1/cmr/m/n/12 618033988749895)$, que sa-tis-faz o sis-tema de equa^^Xc~oes n~ao
 []

[46] [47]
<Imagens/complexPlane/complex_plane_axes.png, id=642, 433.62pt x 433.62pt>
File: Imagens/complexPlane/complex_plane_axes.png Graphic file (type png)
<use Imagens/complexPlane/complex_plane_axes.png>
Package pdftex.def Info: Imagens/complexPlane/complex_plane_axes.png  used on input line 976.
(pdftex.def)             Requested size: 227.62204pt x 227.62082pt.
<Imagens//complexPlane/complex_plane_real_part.png, id=643, 433.62pt x 433.62pt>
File: Imagens//complexPlane/complex_plane_real_part.png Graphic file (type png)
<use Imagens//complexPlane/complex_plane_real_part.png>
Package pdftex.def Info: Imagens//complexPlane/complex_plane_real_part.png  used on input line 984.
(pdftex.def)             Requested size: 218.51521pt x 218.51653pt.
<Imagens//complexPlane/complex_plane_imaginary_part.png, id=644, 433.62pt x 433.62pt>
File: Imagens//complexPlane/complex_plane_imaginary_part.png Graphic file (type png)
<use Imagens//complexPlane/complex_plane_imaginary_part.png>
Package pdftex.def Info: Imagens//complexPlane/complex_plane_imaginary_part.png  used on input line 989.
(pdftex.def)             Requested size: 218.51521pt x 218.51653pt.
<Imagens//complexPlane/complex_plane_argument.png, id=645, 433.62pt x 433.62pt>
File: Imagens//complexPlane/complex_plane_argument.png Graphic file (type png)
<use Imagens//complexPlane/complex_plane_argument.png>
Package pdftex.def Info: Imagens//complexPlane/complex_plane_argument.png  used on input line 994.
(pdftex.def)             Requested size: 218.51521pt x 218.51653pt.
<Imagens//complexPlane/complex_plane_magnitude.png, id=646, 433.62pt x 433.62pt>
File: Imagens//complexPlane/complex_plane_magnitude.png Graphic file (type png)
<use Imagens//complexPlane/complex_plane_magnitude.png>
Package pdftex.def Info: Imagens//complexPlane/complex_plane_magnitude.png  used on input line 999.
(pdftex.def)             Requested size: 218.51521pt x 218.51653pt.
 [48] [49 <./Imagens/complexPlane/complex_plane_axes.png>] [50 <./Imagens//complexPlane/complex_plane_real_part.png> <./Imagens//complexPlane/complex_plane_imaginary_part.png> <./Imagens//complexPlane/complex_plane_argument.png> <./Imagens//complexPlane/complex_plane_magnitude.png>]
<Imagens/nr2d_fractals/unit_roots/unitroot2.png, id=666, 512.3943pt x 506.6127pt>
File: Imagens/nr2d_fractals/unit_roots/unitroot2.png Graphic file (type png)
<use Imagens/nr2d_fractals/unit_roots/unitroot2.png>
Package pdftex.def Info: Imagens/nr2d_fractals/unit_roots/unitroot2.png  used on input line 1031.
(pdftex.def)             Requested size: 455.24408pt x 450.11858pt.
 [51]
<Imagens/nr2d_fractals/unit_roots/unitroot3.png, id=672, 512.3943pt x 506.6127pt>
File: Imagens/nr2d_fractals/unit_roots/unitroot3.png Graphic file (type png)
<use Imagens/nr2d_fractals/unit_roots/unitroot3.png>
Package pdftex.def Info: Imagens/nr2d_fractals/unit_roots/unitroot3.png  used on input line 1038.
(pdftex.def)             Requested size: 455.24408pt x 450.11858pt.
 [52 <./Imagens/nr2d_fractals/unit_roots/unitroot2.png>]
<Imagens/nr2d_fractals/unit_roots/unitroot4.png, id=679, 512.3943pt x 506.6127pt>
File: Imagens/nr2d_fractals/unit_roots/unitroot4.png Graphic file (type png)
<use Imagens/nr2d_fractals/unit_roots/unitroot4.png>
Package pdftex.def Info: Imagens/nr2d_fractals/unit_roots/unitroot4.png  used on input line 1045.
(pdftex.def)             Requested size: 455.24408pt x 450.11858pt.
 [53 <./Imagens/nr2d_fractals/unit_roots/unitroot3.png>]
<Imagens/nr2d_fractals/unit_roots/unitroot5.png, id=687, 512.3943pt x 506.6127pt>
File: Imagens/nr2d_fractals/unit_roots/unitroot5.png Graphic file (type png)
<use Imagens/nr2d_fractals/unit_roots/unitroot5.png>
Package pdftex.def Info: Imagens/nr2d_fractals/unit_roots/unitroot5.png  used on input line 1052.
(pdftex.def)             Requested size: 455.24408pt x 450.11858pt.
 [54 <./Imagens/nr2d_fractals/unit_roots/unitroot4.png>]
<Imagens/nr2d_fractals/unit_roots/unitroot8.png, id=694, 512.3943pt x 506.6127pt>
File: Imagens/nr2d_fractals/unit_roots/unitroot8.png Graphic file (type png)
<use Imagens/nr2d_fractals/unit_roots/unitroot8.png>
Package pdftex.def Info: Imagens/nr2d_fractals/unit_roots/unitroot8.png  used on input line 1059.
(pdftex.def)             Requested size: 455.24408pt x 450.11858pt.
 [55 <./Imagens/nr2d_fractals/unit_roots/unitroot5.png>]
<Imagens/nr2d_fractals/unit_roots/unitroot20.png, id=701, 512.3943pt x 506.6127pt>
File: Imagens/nr2d_fractals/unit_roots/unitroot20.png Graphic file (type png)
<use Imagens/nr2d_fractals/unit_roots/unitroot20.png>
Package pdftex.def Info: Imagens/nr2d_fractals/unit_roots/unitroot20.png  used on input line 1066.
(pdftex.def)             Requested size: 455.24408pt x 450.11858pt.
 [56 <./Imagens/nr2d_fractals/unit_roots/unitroot8.png>]
<Imagens/nr2d_fractals/polinomials/nrfractal_polinomio.png, id=708, 512.3943pt x 506.6127pt>
File: Imagens/nr2d_fractals/polinomials/nrfractal_polinomio.png Graphic file (type png)
<use Imagens/nr2d_fractals/polinomials/nrfractal_polinomio.png>
Package pdftex.def Info: Imagens/nr2d_fractals/polinomials/nrfractal_polinomio.png  used on input line 1073.
(pdftex.def)             Requested size: 455.24408pt x 450.11858pt.
 [57 <./Imagens/nr2d_fractals/unit_roots/unitroot20.png>]
<Imagens/nr2d_fractals/polinomials/nrfractal_polinomio2.png, id=715, 512.3943pt x 506.6127pt>
File: Imagens/nr2d_fractals/polinomials/nrfractal_polinomio2.png Graphic file (type png)
<use Imagens/nr2d_fractals/polinomials/nrfractal_polinomio2.png>
Package pdftex.def Info: Imagens/nr2d_fractals/polinomials/nrfractal_polinomio2.png  used on input line 1080.
(pdftex.def)             Requested size: 455.24408pt x 450.11858pt.
 [58 <./Imagens/nr2d_fractals/polinomials/nrfractal_polinomio.png>]
<Imagens/nr2d_fractals/polinomials/nrfractal_polinomio3.png, id=722, 512.3943pt x 506.6127pt>
File: Imagens/nr2d_fractals/polinomials/nrfractal_polinomio3.png Graphic file (type png)
<use Imagens/nr2d_fractals/polinomials/nrfractal_polinomio3.png>
Package pdftex.def Info: Imagens/nr2d_fractals/polinomials/nrfractal_polinomio3.png  used on input line 1087.
(pdftex.def)             Requested size: 455.24408pt x 450.11858pt.
 [59 <./Imagens/nr2d_fractals/polinomials/nrfractal_polinomio2.png>]
<Imagens/nr2d_fractals/polinomials/nrfractal_polinomio4.png, id=730, 512.3943pt x 506.6127pt>
File: Imagens/nr2d_fractals/polinomials/nrfractal_polinomio4.png Graphic file (type png)
<use Imagens/nr2d_fractals/polinomials/nrfractal_polinomio4.png>
Package pdftex.def Info: Imagens/nr2d_fractals/polinomials/nrfractal_polinomio4.png  used on input line 1094.
(pdftex.def)             Requested size: 455.24408pt x 450.11858pt.
) [60 <./Imagens/nr2d_fractals/polinomials/nrfractal_polinomio3.png>] [61 <./Imagens/nr2d_fractals/polinomials/nrfractal_polinomio4.png>]
\openout2 = `Capitulos/PvisEdo.aux'.

 (Capitulos/PvisEdo.tex
Cap\'{\i }tulo 4.
[62




] [63] [64]) [65] [66]
\openout2 = `Capitulos/CompParadig.aux'.

 (Capitulos/CompParadig.tex
Cap\'{\i }tulo 5.

Underfull \hbox (badness 6348) in paragraph at lines 4--5
[]\OT1/cmr/m/n/12 Neste cap^^S^^Ptulo, apre-sen-ta-mos o pseu-doc^^Sodigo dos m^^Setodos abor-da-dos
 []

[67




] [68]
<Imagens/paradComp/mpf/cpu/boxplot_cpu_mpf.png, id=785, 1457.445pt x 782.925pt>
File: Imagens/paradComp/mpf/cpu/boxplot_cpu_mpf.png Graphic file (type png)
<use Imagens/paradComp/mpf/cpu/boxplot_cpu_mpf.png>
Package pdftex.def Info: Imagens/paradComp/mpf/cpu/boxplot_cpu_mpf.png  used on input line 18.
(pdftex.def)             Requested size: 455.24408pt x 244.54399pt.
<Imagens/paradComp/mpf/cpu/violinplot_cpu_mpf.png, id=786, 1457.445pt x 451.6875pt>
File: Imagens/paradComp/mpf/cpu/violinplot_cpu_mpf.png Graphic file (type png)
<use Imagens/paradComp/mpf/cpu/violinplot_cpu_mpf.png>
Package pdftex.def Info: Imagens/paradComp/mpf/cpu/violinplot_cpu_mpf.png  used on input line 19.
(pdftex.def)             Requested size: 455.24408pt x 141.08307pt.
<Imagens/paradComp/mpf/cpu/mean_cpu_mpf.png, id=787, 1457.445pt x 451.6875pt>
File: Imagens/paradComp/mpf/cpu/mean_cpu_mpf.png Graphic file (type png)
<use Imagens/paradComp/mpf/cpu/mean_cpu_mpf.png>
Package pdftex.def Info: Imagens/paradComp/mpf/cpu/mean_cpu_mpf.png  used on input line 20.
(pdftex.def)             Requested size: 455.24408pt x 141.08307pt.
 [69]
<Imagens/paradComp/mpf/mem/mean_memfis_mpf.png, id=792, 1457.445pt x 451.6875pt>
File: Imagens/paradComp/mpf/mem/mean_memfis_mpf.png Graphic file (type png)
<use Imagens/paradComp/mpf/mem/mean_memfis_mpf.png>
Package pdftex.def Info: Imagens/paradComp/mpf/mem/mean_memfis_mpf.png  used on input line 29.
(pdftex.def)             Requested size: 455.24408pt x 141.08307pt.
<Imagens/paradComp/mpf/mem/mean_mempriv_mpf.png, id=793, 1457.445pt x 451.6875pt>
File: Imagens/paradComp/mpf/mem/mean_mempriv_mpf.png Graphic file (type png)
<use Imagens/paradComp/mpf/mem/mean_mempriv_mpf.png>
Package pdftex.def Info: Imagens/paradComp/mpf/mem/mean_mempriv_mpf.png  used on input line 30.
(pdftex.def)             Requested size: 455.24408pt x 141.08307pt.
 [70 <./Imagens/paradComp/mpf/cpu/boxplot_cpu_mpf.png> <./Imagens/paradComp/mpf/cpu/violinplot_cpu_mpf.png> <./Imagens/paradComp/mpf/cpu/mean_cpu_mpf.png>]
<Imagens/paradComp/mpf/time/mean_time_bar_nr.png, id=802, 1457.445pt x 451.6875pt>
File: Imagens/paradComp/mpf/time/mean_time_bar_nr.png Graphic file (type png)
<use Imagens/paradComp/mpf/time/mean_time_bar_nr.png>
Package pdftex.def Info: Imagens/paradComp/mpf/time/mean_time_bar_nr.png  used on input line 40.
(pdftex.def)             Requested size: 455.24408pt x 141.08307pt.
<Imagens/paradComp/mpf/time/time_hist_nr.png, id=803, 1457.445pt x 451.6875pt>
File: Imagens/paradComp/mpf/time/time_hist_nr.png Graphic file (type png)
<use Imagens/paradComp/mpf/time/time_hist_nr.png>
Package pdftex.def Info: Imagens/paradComp/mpf/time/time_hist_nr.png  used on input line 41.
(pdftex.def)             Requested size: 455.24408pt x 141.08307pt.
 [71 <./Imagens/paradComp/mpf/mem/mean_memfis_mpf.png> <./Imagens/paradComp/mpf/mem/mean_mempriv_mpf.png>]
<Imagens/paradComp/mpf/time/trend/trend_langs_nr.png, id=812, 762.85pt x 421.575pt>
File: Imagens/paradComp/mpf/time/trend/trend_langs_nr.png Graphic file (type png)
<use Imagens/paradComp/mpf/time/trend/trend_langs_nr.png>
Package pdftex.def Info: Imagens/paradComp/mpf/time/trend/trend_langs_nr.png  used on input line 50.
(pdftex.def)             Requested size: 455.24408pt x 251.5832pt.
<Imagens/paradComp/mpf/time/trend/trend_c_nr.png, id=813, 762.85pt x 421.575pt>
File: Imagens/paradComp/mpf/time/trend/trend_c_nr.png Graphic file (type png)
<use Imagens/paradComp/mpf/time/trend/trend_c_nr.png>
Package pdftex.def Info: Imagens/paradComp/mpf/time/trend/trend_c_nr.png  used on input line 51.
(pdftex.def)             Requested size: 455.24408pt x 251.5832pt.
<Imagens/paradComp/mpf/time/trend/trend_hs_nr.png, id=814, 762.85pt x 421.575pt>
File: Imagens/paradComp/mpf/time/trend/trend_hs_nr.png Graphic file (type png)
<use Imagens/paradComp/mpf/time/trend/trend_hs_nr.png>
Package pdftex.def Info: Imagens/paradComp/mpf/time/trend/trend_hs_nr.png  used on input line 58.
(pdftex.def)             Requested size: 455.24408pt x 251.5832pt.
<Imagens/paradComp/mpf/time/trend/trend_py_nr.png, id=815, 762.85pt x 421.575pt>
File: Imagens/paradComp/mpf/time/trend/trend_py_nr.png Graphic file (type png)
<use Imagens/paradComp/mpf/time/trend/trend_py_nr.png>
Package pdftex.def Info: Imagens/paradComp/mpf/time/trend/trend_py_nr.png  used on input line 59.
(pdftex.def)             Requested size: 455.24408pt x 251.5832pt.
 [72 <./Imagens/paradComp/mpf/time/mean_time_bar_nr.png> <./Imagens/paradComp/mpf/time/time_hist_nr.png>] [73 <./Imagens/paradComp/mpf/time/trend/trend_langs_nr.png> <./Imagens/paradComp/mpf/time/trend/trend_c_nr.png>]
<Imagens/paradComp/nr/cpu/cpu_nr_hist_iter_vs_recursive_nr.png, id=830, 1457.445pt x 451.6875pt>
File: Imagens/paradComp/nr/cpu/cpu_nr_hist_iter_vs_recursive_nr.png Graphic file (type png)
<use Imagens/paradComp/nr/cpu/cpu_nr_hist_iter_vs_recursive_nr.png>
Package pdftex.def Info: Imagens/paradComp/nr/cpu/cpu_nr_hist_iter_vs_recursive_nr.png  used on input line 71.
(pdftex.def)             Requested size: 455.24408pt x 141.08307pt.
 [74 <./Imagens/paradComp/mpf/time/trend/trend_hs_nr.png> <./Imagens/paradComp/mpf/time/trend/trend_py_nr.png>]
<Imagens/paradComp/nr/mem/fismem_nr_hist_iter_vs_recursive.png, id=838, 1457.445pt x 451.6875pt>
File: Imagens/paradComp/nr/mem/fismem_nr_hist_iter_vs_recursive.png Graphic file (type png)
<use Imagens/paradComp/nr/mem/fismem_nr_hist_iter_vs_recursive.png>
Package pdftex.def Info: Imagens/paradComp/nr/mem/fismem_nr_hist_iter_vs_recursive.png  used on input line 82.
(pdftex.def)             Requested size: 455.24408pt x 141.08307pt.
<Imagens/paradComp/nr/mem/privmem_nr_hist_iter_vs_recursive.png, id=839, 1457.445pt x 451.6875pt>
File: Imagens/paradComp/nr/mem/privmem_nr_hist_iter_vs_recursive.png Graphic file (type png)
<use Imagens/paradComp/nr/mem/privmem_nr_hist_iter_vs_recursive.png>
Package pdftex.def Info: Imagens/paradComp/nr/mem/privmem_nr_hist_iter_vs_recursive.png  used on input line 83.
(pdftex.def)             Requested size: 455.24408pt x 141.08307pt.
 [75 <./Imagens/paradComp/nr/cpu/cpu_nr_hist_iter_vs_recursive_nr.png>]
<Imagens/paradComp/nr/time/time_nr_hist_iter_vs_recursive.png, id=846, 1457.445pt x 451.6875pt>
File: Imagens/paradComp/nr/time/time_nr_hist_iter_vs_recursive.png Graphic file (type png)
<use Imagens/paradComp/nr/time/time_nr_hist_iter_vs_recursive.png>
Package pdftex.def Info: Imagens/paradComp/nr/time/time_nr_hist_iter_vs_recursive.png  used on input line 94.
(pdftex.def)             Requested size: 455.24408pt x 141.08307pt.
 [76 <./Imagens/paradComp/nr/mem/fismem_nr_hist_iter_vs_recursive.png> <./Imagens/paradComp/nr/mem/privmem_nr_hist_iter_vs_recursive.png>]
<Imagens/paradComp/nr/time/time_nr_violin_iter_vs_recursive.png, id=854, 1457.445pt x 1505.625pt>
File: Imagens/paradComp/nr/time/time_nr_violin_iter_vs_recursive.png Graphic file (type png)
<use Imagens/paradComp/nr/time/time_nr_violin_iter_vs_recursive.png>
Package pdftex.def Info: Imagens/paradComp/nr/time/time_nr_violin_iter_vs_recursive.png  used on input line 104.
(pdftex.def)             Requested size: 455.24408pt x 470.27692pt.
 [77 <./Imagens/paradComp/nr/time/time_nr_hist_iter_vs_recursive.png>]
<Imagens/paradComp/nr/stacked.png, id=862, 1457.445pt x 451.6875pt>
File: Imagens/paradComp/nr/stacked.png Graphic file (type png)
<use Imagens/paradComp/nr/stacked.png>
Package pdftex.def Info: Imagens/paradComp/nr/stacked.png  used on input line 111.
(pdftex.def)             Requested size: 455.24408pt x 141.08307pt.
 [78 <./Imagens/paradComp/nr/time/time_nr_violin_iter_vs_recursive.png> <./Imagens/paradComp/nr/stacked.png>]
<Imagens/paradComp/nr/scatterMatrix_nr.png, id=871, 1457.445pt x 702.625pt>
File: Imagens/paradComp/nr/scatterMatrix_nr.png Graphic file (type png)
<use Imagens/paradComp/nr/scatterMatrix_nr.png>
Package pdftex.def Info: Imagens/paradComp/nr/scatterMatrix_nr.png  used on input line 124.
(pdftex.def)             Requested size: 523.52791pt x 252.3873pt.
) [79 <./Imagens/paradComp/nr/scatterMatrix_nr.png>] (f:\Users\Enzo HD\Github\Repos\ACML\Numerical_Paradigms-Research\academic_writing\books\num_met_with_functional_programming\build\nummet_with_functional_programming.bbl) [80




] 
enddocument/afterlastpage (AED): lastpage setting LastPage.
(f:\Users\Enzo HD\Github\Repos\ACML\Numerical_Paradigms-Research\academic_writing\books\num_met_with_functional_programming\build\nummet_with_functional_programming.aux (f:\Users\Enzo HD\Github\Repos\ACML\Numerical_Paradigms-Research\academic_writing\books\num_met_with_functional_programming\build\Preliminar/Agradecimentos.aux) (f:\Users\Enzo HD\Github\Repos\ACML\Numerical_Paradigms-Research\academic_writing\books\num_met_with_functional_programming\build\Preliminar/Resumo.aux) (f:\Users\Enzo HD\Github\Repos\ACML\Numerical_Paradigms-Research\academic_writing\books\num_met_with_functional_programming\build\Preliminar/Abstract.aux) (f:\Users\Enzo HD\Github\Repos\ACML\Numerical_Paradigms-Research\academic_writing\books\num_met_with_functional_programming\build\Preliminar/Introdução.aux) (f:\Users\Enzo HD\Github\Repos\ACML\Numerical_Paradigms-Research\academic_writing\books\num_met_with_functional_programming\build\Capitulos/FloatingPoints.aux) (f:\Users\Enzo HD\Github\Repos\ACML\Numerical_Paradigms-Research\academic_writing\books\num_met_with_functional_programming\build\Capitulos/IterMet.aux) (f:\Users\Enzo HD\Github\Repos\ACML\Numerical_Paradigms-Research\academic_writing\books\num_met_with_functional_programming\build\Capitulos/PvisEdo.aux) (f:\Users\Enzo HD\Github\Repos\ACML\Numerical_Paradigms-Research\academic_writing\books\num_met_with_functional_programming\build\Capitulos/CompParadig.aux))
 ***********
LaTeX2e <2025-11-01>
L3 programming layer <2025-12-24>
 ***********
Package rerunfilecheck Info: File `nummet_with_functional_programming.out' has not changed.
(rerunfilecheck)             Checksum: EE1118C5BD4067C560C7FA85D26CCF9B;9107.
 ) 
Here is how much of TeX's memory you used:
 44221 strings out of 467870
 887311 string characters out of 5418355
 1453616 words of memory out of 5000000
 71997 multiletter control sequences out of 15000+600000
 643691 words of font info for 103 fonts, out of 8000000 for 9000
 1141 hyphenation exceptions out of 8191
 99i,14n,120p,3437b,1024s stack positions out of 10000i,1000n,20000p,200000b,200000s
 <C:\Users\maria\AppData\Local\MiKTeX\fonts/pk/ljfour/jknappen/ec/dpi600\tcrm1200.pk><C:/Users/maria/AppData/Local/Programs/MiKTeX/fonts/type1/public/amsfonts/cm/cmbx10.pfb><C:/Users/maria/AppData/Local/Programs/MiKTeX/fonts/type1/public/amsfonts/cm/cmbx12.pfb><C:/Users/maria/AppData/Local/Programs/MiKTeX/fonts/type1/public/amsfonts/cm/cmbxti10.pfb><C:/Users/maria/AppData/Local/Programs/MiKTeX/fonts/type1/public/amsfonts/cm/cmcsc10.pfb><C:/Users/maria/AppData/Local/Programs/MiKTeX/fonts/type1/public/amsfonts/cm/cmex10.pfb><C:/Users/maria/AppData/Local/Programs/MiKTeX/fonts/type1/public/amsfonts/cm/cmmi10.pfb><C:/Users/maria/AppData/Local/Programs/MiKTeX/fonts/type1/public/amsfonts/cm/cmmi12.pfb><C:/Users/maria/AppData/Local/Programs/MiKTeX/fonts/type1/public/amsfonts/cm/cmmi8.pfb><C:/Users/maria/AppData/Local/Programs/MiKTeX/fonts/type1/public/amsfonts/cm/cmmib10.pfb><C:/Users/maria/AppData/Local/Programs/MiKTeX/fonts/type1/public/amsfonts/cmextra/cmmib8.pfb><C:/Users/maria/AppData/Local/Programs/MiKTeX/fonts/type1/public/amsfonts/cm/cmr10.pfb><C:/Users/maria/AppData/Local/Programs/MiKTeX/fonts/type1/public/amsfonts/cm/cmr12.pfb><C:/Users/maria/AppData/Local/Programs/MiKTeX/fonts/type1/public/amsfonts/cm/cmr6.pfb><C:/Users/maria/AppData/Local/Programs/MiKTeX/fonts/type1/public/amsfonts/cm/cmr8.pfb><C:/Users/maria/AppData/Local/Programs/MiKTeX/fonts/type1/public/amsfonts/cm/cmsy10.pfb><C:/Users/maria/AppData/Local/Programs/MiKTeX/fonts/type1/public/amsfonts/cm/cmsy8.pfb><C:/Users/maria/AppData/Local/Programs/MiKTeX/fonts/type1/public/amsfonts/cm/cmti12.pfb><C:/Users/maria/AppData/Local/Programs/MiKTeX/fonts/type1/public/amsfonts/symbols/msbm10.pfb>
Output written on "f:\Users\Enzo HD\Github\Repos\ACML\Numerical_Paradigms-Research\academic_writing\books\num_met_with_functional_programming\build\nummet_with_functional_programming.pdf" (88 pages, 4013878 bytes).
PDF statistics:
 1026 PDF objects out of 1200 (max. 8388607)
 265 named destinations out of 1000 (max. 500000)
 611 words of extra memory for PDF output out of 10000 (max. 10000000)

